Archive member included to satisfy reference by file (symbol)

/Users/ertuil/gcc-arm-none-eabi/bin/../lib/gcc/arm-none-eabi/5.4.1/../../../../arm-none-eabi/lib/armv7e-m/fpu/libc_nano.a(lib_a-exit.o)
                              /Users/ertuil/gcc-arm-none-eabi/bin/../lib/gcc/arm-none-eabi/5.4.1/../../../../arm-none-eabi/lib/armv7e-m/fpu/crt0.o (exit)
/Users/ertuil/gcc-arm-none-eabi/bin/../lib/gcc/arm-none-eabi/5.4.1/../../../../arm-none-eabi/lib/armv7e-m/fpu/libc_nano.a(lib_a-impure.o)
                              /Users/ertuil/gcc-arm-none-eabi/bin/../lib/gcc/arm-none-eabi/5.4.1/../../../../arm-none-eabi/lib/armv7e-m/fpu/libc_nano.a(lib_a-exit.o) (_global_impure_ptr)
/Users/ertuil/gcc-arm-none-eabi/bin/../lib/gcc/arm-none-eabi/5.4.1/../../../../arm-none-eabi/lib/armv7e-m/fpu/libc_nano.a(lib_a-init.o)
                              /Users/ertuil/gcc-arm-none-eabi/bin/../lib/gcc/arm-none-eabi/5.4.1/../../../../arm-none-eabi/lib/armv7e-m/fpu/crt0.o (__libc_init_array)
/Users/ertuil/gcc-arm-none-eabi/bin/../lib/gcc/arm-none-eabi/5.4.1/../../../../arm-none-eabi/lib/armv7e-m/fpu/libc_nano.a(lib_a-memset.o)
                              /Users/ertuil/gcc-arm-none-eabi/bin/../lib/gcc/arm-none-eabi/5.4.1/../../../../arm-none-eabi/lib/armv7e-m/fpu/crt0.o (memset)
/Users/ertuil/gcc-arm-none-eabi/bin/../lib/gcc/arm-none-eabi/5.4.1/../../../../arm-none-eabi/lib/armv7e-m/fpu/libnosys.a(_exit.o)
                              /Users/ertuil/gcc-arm-none-eabi/bin/../lib/gcc/arm-none-eabi/5.4.1/../../../../arm-none-eabi/lib/armv7e-m/fpu/libc_nano.a(lib_a-exit.o) (_exit)

Allocating common symbols
Common symbol       size              file

USART_RX_BUF        0xc8              build/usart.o
__stdout            0x68              build/usart.o

Discarded input sections

 .text          0x0000000000000000        0x0 /Users/ertuil/gcc-arm-none-eabi/bin/../lib/gcc/arm-none-eabi/5.4.1/armv7e-m/fpu/crti.o
 .data          0x0000000000000000        0x0 /Users/ertuil/gcc-arm-none-eabi/bin/../lib/gcc/arm-none-eabi/5.4.1/armv7e-m/fpu/crti.o
 .bss           0x0000000000000000        0x0 /Users/ertuil/gcc-arm-none-eabi/bin/../lib/gcc/arm-none-eabi/5.4.1/armv7e-m/fpu/crti.o
 .data          0x0000000000000000        0x4 /Users/ertuil/gcc-arm-none-eabi/bin/../lib/gcc/arm-none-eabi/5.4.1/armv7e-m/fpu/crtbegin.o
 .text          0x0000000000000000       0x74 /Users/ertuil/gcc-arm-none-eabi/bin/../lib/gcc/arm-none-eabi/5.4.1/../../../../arm-none-eabi/lib/armv7e-m/fpu/crt0.o
 .data          0x0000000000000000        0x0 /Users/ertuil/gcc-arm-none-eabi/bin/../lib/gcc/arm-none-eabi/5.4.1/../../../../arm-none-eabi/lib/armv7e-m/fpu/crt0.o
 .bss           0x0000000000000000        0x0 /Users/ertuil/gcc-arm-none-eabi/bin/../lib/gcc/arm-none-eabi/5.4.1/../../../../arm-none-eabi/lib/armv7e-m/fpu/crt0.o
 .ARM.extab     0x0000000000000000        0x0 /Users/ertuil/gcc-arm-none-eabi/bin/../lib/gcc/arm-none-eabi/5.4.1/../../../../arm-none-eabi/lib/armv7e-m/fpu/crt0.o
 .ARM.exidx     0x0000000000000000        0x8 /Users/ertuil/gcc-arm-none-eabi/bin/../lib/gcc/arm-none-eabi/5.4.1/../../../../arm-none-eabi/lib/armv7e-m/fpu/crt0.o
 .ARM.attributes
                0x0000000000000000       0x20 /Users/ertuil/gcc-arm-none-eabi/bin/../lib/gcc/arm-none-eabi/5.4.1/../../../../arm-none-eabi/lib/armv7e-m/fpu/crt0.o
 .text          0x0000000000000000        0x0 build/stm32f4xx_dma2d.o
 .data          0x0000000000000000        0x0 build/stm32f4xx_dma2d.o
 .bss           0x0000000000000000        0x0 build/stm32f4xx_dma2d.o
 .text.DMA2D_DeInit
                0x0000000000000000       0x18 build/stm32f4xx_dma2d.o
 .text.DMA2D_Init
                0x0000000000000000       0xc0 build/stm32f4xx_dma2d.o
 .text.DMA2D_StructInit
                0x0000000000000000       0x18 build/stm32f4xx_dma2d.o
 .text.DMA2D_StartTransfer
                0x0000000000000000       0x10 build/stm32f4xx_dma2d.o
 .text.DMA2D_AbortTransfer
                0x0000000000000000       0x10 build/stm32f4xx_dma2d.o
 .text.DMA2D_Suspend
                0x0000000000000000       0x20 build/stm32f4xx_dma2d.o
 .text.DMA2D_FGConfig
                0x0000000000000000       0x70 build/stm32f4xx_dma2d.o
 .text.DMA2D_FG_StructInit
                0x0000000000000000       0x1c build/stm32f4xx_dma2d.o
 .text.DMA2D_BGConfig
                0x0000000000000000       0x70 build/stm32f4xx_dma2d.o
 .text.DMA2D_BG_StructInit
                0x0000000000000000       0x1c build/stm32f4xx_dma2d.o
 .text.DMA2D_FGStart
                0x0000000000000000       0x20 build/stm32f4xx_dma2d.o
 .text.DMA2D_BGStart
                0x0000000000000000       0x20 build/stm32f4xx_dma2d.o
 .text.DMA2D_DeadTimeConfig
                0x0000000000000000       0x30 build/stm32f4xx_dma2d.o
 .text.DMA2D_LineWatermarkConfig
                0x0000000000000000        0xc build/stm32f4xx_dma2d.o
 .text.DMA2D_ITConfig
                0x0000000000000000       0x1c build/stm32f4xx_dma2d.o
 .text.DMA2D_GetFlagStatus
[...]
Memory Configuration

Name             Origin             Length             Attributes
RAM              0x0000000020000000 0x0000000000020000 xrw
CCMRAM           0x0000000010000000 0x0000000000010000 rw
FLASH            0x0000000008000000 0x0000000000080000 xr
*default*        0x0000000000000000 0xffffffffffffffff

Linker script and memory map

LOAD /Users/ertuil/gcc-arm-none-eabi/bin/../lib/gcc/arm-none-eabi/5.4.1/armv7e-m/fpu/crti.o
LOAD /Users/ertuil/gcc-arm-none-eabi/bin/../lib/gcc/arm-none-eabi/5.4.1/armv7e-m/fpu/crtbegin.o
LOAD /Users/ertuil/gcc-arm-none-eabi/bin/../lib/gcc/arm-none-eabi/5.4.1/../../../../arm-none-eabi/lib/armv7e-m/fpu/crt0.o
LOAD build/stm32f4xx_dma2d.o
LOAD build/stm32f4xx_i2c.o
LOAD build/stm32f4xx_hash_sha1.o
LOAD build/stm32f4xx_cryp_des.o
LOAD build/stm32f4xx_cryp_aes.o
LOAD build/stm32f4xx_fsmc.o
LOAD build/stm32f4xx_wwdg.o
LOAD build/stm32f4xx_rcc.o
LOAD build/stm32f4xx_exti.o
LOAD build/stm32f4xx_tim.o
LOAD build/stm32f4xx_hash_md5.o
LOAD build/stm32f4xx_iwdg.o
LOAD build/stm32f4xx_spi.o
LOAD build/stm32f4xx_rtc.o
LOAD build/stm32f4xx_usart.o
LOAD build/stm32f4xx_gpio.o
LOAD build/stm32f4xx_rng.o
LOAD build/stm32f4xx_can.o
LOAD build/stm32f4xx_sdio.o
LOAD build/stm32f4xx_cryp_tdes.o
LOAD build/stm32f4xx_crc.o
LOAD build/stm32f4xx_flash_ramfunc.o
LOAD build/stm32f4xx_dbgmcu.o
LOAD build/stm32f4xx_pwr.o
LOAD build/stm32f4xx_syscfg.o
LOAD build/stm32f4xx_hash.o
LOAD build/stm32f4xx_dcmi.o
LOAD build/misc.o
LOAD build/stm32f4xx_cryp.o
LOAD build/stm32f4xx_ltdc.o
LOAD build/stm32f4xx_dac.o
LOAD build/stm32f4xx_sai.o
LOAD build/stm32f4xx_flash.o
LOAD build/stm32f4xx_dma.o
LOAD build/stm32f4xx_adc.o
LOAD build/main.o
LOAD build/system_stm32f4xx.o
LOAD build/stm32f4xx_it.o
LOAD build/delay.o
LOAD build/usart.o
LOAD build/startup_stm32f407xx.o
LOAD /Users/ertuil/gcc-arm-none-eabi/bin/../lib/gcc/arm-none-eabi/5.4.1/../../../../arm-none-eabi/lib/armv7e-m/fpu/libc_nano.a
LOAD /Users/ertuil/gcc-arm-none-eabi/bin/../lib/gcc/arm-none-eabi/5.4.1/../../../../arm-none-eabi/lib/armv7e-m/fpu/libm.a
LOAD /Users/ertuil/gcc-arm-none-eabi/bin/../lib/gcc/arm-none-eabi/5.4.1/../../../../arm-none-eabi/lib/armv7e-m/fpu/libnosys.a
START GROUP
LOAD /Users/ertuil/gcc-arm-none-eabi/bin/../lib/gcc/arm-none-eabi/5.4.1/armv7e-m/fpu/libgcc.a
LOAD /Users/ertuil/gcc-arm-none-eabi/bin/../lib/gcc/arm-none-eabi/5.4.1/../../../../arm-none-eabi/lib/armv7e-m/fpu/libc_nano.a
END GROUP
START GROUP
LOAD /Users/ertuil/gcc-arm-none-eabi/bin/../lib/gcc/arm-none-eabi/5.4.1/armv7e-m/fpu/libgcc.a
LOAD /Users/ertuil/gcc-arm-none-eabi/bin/../lib/gcc/arm-none-eabi/5.4.1/../../../../arm-none-eabi/lib/armv7e-m/fpu/libc_nano.a
END GROUP
LOAD /Users/ertuil/gcc-arm-none-eabi/bin/../lib/gcc/arm-none-eabi/5.4.1/armv7e-m/fpu/crtend.o
LOAD /Users/ertuil/gcc-arm-none-eabi/bin/../lib/gcc/arm-none-eabi/5.4.1/armv7e-m/fpu/crtn.o
                0x0000000020020000                _estack = 0x20020000
                0x0000000000000200                _Min_Heap_Size = 0x200
                0x0000000000000400                _Min_Stack_Size = 0x400

.isr_vector     0x0000000008000000      0x188
                0x0000000008000000                . = ALIGN (0x4)
 *(.isr_vector)
 .isr_vector    0x0000000008000000      0x188 build/startup_stm32f407xx.o
                0x0000000008000000                g_pfnVectors
                0x0000000008000188                . = ALIGN (0x4)

.text           0x0000000008000188      0x43c
                0x0000000008000188                . = ALIGN (0x4)
 *(.text)
 .text          0x0000000008000188       0x5c /Users/ertuil/gcc-arm-none-eabi/bin/../lib/gcc/arm-none-eabi/5.4.1/armv7e-m/fpu/crtbegin.o
 *(.text*)
 .text.RCC_AHB1PeriphClockCmd
                0x00000000080001e4       0x1c build/stm32f4xx_rcc.o
                0x00000000080001e4                RCC_AHB1PeriphClockCmd
 .text.USART_ReceiveData
                0x0000000008000200        0x8 build/stm32f4xx_usart.o
                0x0000000008000200                USART_ReceiveData
 .text.USART_GetITStatus
                0x0000000008000208       0x50 build/stm32f4xx_usart.o
                0x0000000008000208                USART_GetITStatus
 .text.GPIO_Init
                0x0000000008000258       0x84 build/stm32f4xx_gpio.o
                0x0000000008000258                GPIO_Init
 .text.GPIO_SetBits
                0x00000000080002dc        0x4 build/stm32f4xx_gpio.o
                0x00000000080002dc                GPIO_SetBits
 .text.GPIO_ResetBits
                0x00000000080002e0        0x4 build/stm32f4xx_gpio.o
                0x00000000080002e0                GPIO_ResetBits
 .text.Delay    0x00000000080002e4       0x14 build/main.o
                0x00000000080002e4                Delay
 .text.main     0x00000000080002f8       0x60 build/main.o
                0x00000000080002f8                main
 .text.SetSysClock
                0x0000000008000358       0xc4 build/system_stm32f4xx.o
 .text.SystemInit
                0x000000000800041c       0x50 build/system_stm32f4xx.o
                0x000000000800041c                SystemInit
 .text.NMI_Handler
                0x000000000800046c        0x4 build/stm32f4xx_it.o
                0x000000000800046c                NMI_Handler
 .text.HardFault_Handler
                0x0000000008000470        0x4 build/stm32f4xx_it.o
                0x0000000008000470                HardFault_Handler
 .text.MemManage_Handler
                0x0000000008000474        0x4 build/stm32f4xx_it.o
                0x0000000008000474                MemManage_Handler
 .text.BusFault_Handler
                0x0000000008000478        0x4 build/stm32f4xx_it.o
                0x0000000008000478                BusFault_Handler
 .text.UsageFault_Handler
                0x000000000800047c        0x4 build/stm32f4xx_it.o
                0x000000000800047c                UsageFault_Handler
 .text.SVC_Handler
                0x0000000008000480        0x4 build/stm32f4xx_it.o
                0x0000000008000480                SVC_Handler
 .text.DebugMon_Handler
                0x0000000008000484        0x4 build/stm32f4xx_it.o
                0x0000000008000484                DebugMon_Handler
 .text.PendSV_Handler
                0x0000000008000488        0x4 build/stm32f4xx_it.o
                0x0000000008000488                PendSV_Handler
 .text.SysTick_Handler
                0x000000000800048c        0x4 build/stm32f4xx_it.o
                0x000000000800048c                SysTick_Handler
 .text.USART1_IRQHandler
                0x0000000008000490       0x7c build/usart.o
                0x0000000008000490                USART1_IRQHandler
 .text.Reset_Handler
                0x000000000800050c       0x50 build/startup_stm32f407xx.o
                0x000000000800050c                Reset_Handler
 .text.Default_Handler
                0x000000000800055c        0x2 build/startup_stm32f407xx.o
                0x000000000800055c                DMA1_Stream3_IRQHandler
                0x000000000800055c                HASH_RNG_IRQHandler
                0x000000000800055c                EXTI2_IRQHandler
                0x000000000800055c                TIM8_CC_IRQHandler
                0x000000000800055c                TIM1_CC_IRQHandler
                0x000000000800055c                DMA2_Stream5_IRQHandler
                0x000000000800055c                DMA1_Stream5_IRQHandler
                0x000000000800055c                PVD_IRQHandler
                0x000000000800055c                SDIO_IRQHandler
                0x000000000800055c                TAMP_STAMP_IRQHandler
                0x000000000800055c                CAN2_RX1_IRQHandler
                0x000000000800055c                EXTI3_IRQHandler
                0x000000000800055c                TIM8_TRG_COM_TIM14_IRQHandler
                0x000000000800055c                TIM1_UP_TIM10_IRQHandler
                0x000000000800055c                TIM8_UP_TIM13_IRQHandler
                0x000000000800055c                I2C3_ER_IRQHandler
                0x000000000800055c                EXTI0_IRQHandler
                0x000000000800055c                I2C2_EV_IRQHandler
                0x000000000800055c                DMA1_Stream2_IRQHandler
                0x000000000800055c                CAN1_RX0_IRQHandler
                0x000000000800055c                FPU_IRQHandler
                0x000000000800055c                OTG_HS_WKUP_IRQHandler
                0x000000000800055c                CAN2_SCE_IRQHandler
                0x000000000800055c                DMA2_Stream2_IRQHandler
                0x000000000800055c                SPI1_IRQHandler
                0x000000000800055c                TIM6_DAC_IRQHandler
                0x000000000800055c                TIM1_BRK_TIM9_IRQHandler
                0x000000000800055c                DCMI_IRQHandler
                0x000000000800055c                CAN2_RX0_IRQHandler
                0x000000000800055c                DMA2_Stream3_IRQHandler
                0x000000000800055c                USART6_IRQHandler
                0x000000000800055c                USART3_IRQHandler
                0x000000000800055c                CAN1_RX1_IRQHandler
                0x000000000800055c                UART5_IRQHandler
                0x000000000800055c                DMA2_Stream0_IRQHandler
                0x000000000800055c                TIM4_IRQHandler
                0x000000000800055c                I2C1_EV_IRQHandler
                0x000000000800055c                DMA1_Stream6_IRQHandler
                0x000000000800055c                DMA1_Stream1_IRQHandler
                0x000000000800055c                UART4_IRQHandler
                0x000000000800055c                TIM3_IRQHandler
                0x000000000800055c                RCC_IRQHandler
                0x000000000800055c                TIM8_BRK_TIM12_IRQHandler
                0x000000000800055c                Default_Handler
                0x000000000800055c                EXTI15_10_IRQHandler
                0x000000000800055c                ADC_IRQHandler
                0x000000000800055c                DMA1_Stream7_IRQHandler
                0x000000000800055c                TIM7_IRQHandler
                0x000000000800055c                CAN2_TX_IRQHandler
                0x000000000800055c                TIM5_IRQHandler
                0x000000000800055c                DMA2_Stream7_IRQHandler
                0x000000000800055c                I2C3_EV_IRQHandler
                0x000000000800055c                EXTI9_5_IRQHandler
                0x000000000800055c                RTC_WKUP_IRQHandler
                0x000000000800055c                ETH_WKUP_IRQHandler
                0x000000000800055c                SPI2_IRQHandler
                0x000000000800055c                OTG_HS_EP1_IN_IRQHandler
                0x000000000800055c                DMA1_Stream0_IRQHandler
                0x000000000800055c                CAN1_TX_IRQHandler
                0x000000000800055c                EXTI4_IRQHandler
                0x000000000800055c                FSMC_IRQHandler
                0x000000000800055c                ETH_IRQHandler
                0x000000000800055c                OTG_HS_EP1_OUT_IRQHandler
                0x000000000800055c                WWDG_IRQHandler
                0x000000000800055c                TIM2_IRQHandler
                0x000000000800055c                OTG_FS_WKUP_IRQHandler
                0x000000000800055c                TIM1_TRG_COM_TIM11_IRQHandler
                0x000000000800055c                OTG_HS_IRQHandler
                0x000000000800055c                EXTI1_IRQHandler
                0x000000000800055c                USART2_IRQHandler
                0x000000000800055c                I2C2_ER_IRQHandler
                0x000000000800055c                DMA2_Stream1_IRQHandler
                0x000000000800055c                CAN1_SCE_IRQHandler
                0x000000000800055c                FLASH_IRQHandler
                0x000000000800055c                DMA2_Stream4_IRQHandler
                0x000000000800055c                OTG_FS_IRQHandler
                0x000000000800055c                SPI3_IRQHandler
                0x000000000800055c                DMA1_Stream4_IRQHandler
                0x000000000800055c                I2C1_ER_IRQHandler
                0x000000000800055c                DMA2_Stream6_IRQHandler
                0x000000000800055c                RTC_Alarm_IRQHandler
 *fill*         0x000000000800055e        0x2 
 .text.__libc_init_array
                0x0000000008000560       0x4c /Users/ertuil/gcc-arm-none-eabi/bin/../lib/gcc/arm-none-eabi/5.4.1/../../../../arm-none-eabi/lib/armv7e-m/fpu/libc_nano.a(lib_a-init.o)
                0x0000000008000560                __libc_init_array
 *(.glue_7)
 .glue_7        0x00000000080005ac        0x0 linker stubs
 *(.glue_7t)
 .glue_7t       0x00000000080005ac        0x0 linker stubs
 *(.eh_frame)
 .eh_frame      0x00000000080005ac        0x0 /Users/ertuil/gcc-arm-none-eabi/bin/../lib/gcc/arm-none-eabi/5.4.1/armv7e-m/fpu/crtbegin.o
 *(.init)
 .init          0x00000000080005ac        0x4 /Users/ertuil/gcc-arm-none-eabi/bin/../lib/gcc/arm-none-eabi/5.4.1/armv7e-m/fpu/crti.o
                0x00000000080005ac                _init
 .init          0x00000000080005b0        0x8 /Users/ertuil/gcc-arm-none-eabi/bin/../lib/gcc/arm-none-eabi/5.4.1/armv7e-m/fpu/crtn.o
 *(.fini)
 .fini          0x00000000080005b8        0x4 /Users/ertuil/gcc-arm-none-eabi/bin/../lib/gcc/arm-none-eabi/5.4.1/armv7e-m/fpu/crti.o
                0x00000000080005b8                _fini
 .fini          0x00000000080005bc        0x8 /Users/ertuil/gcc-arm-none-eabi/bin/../lib/gcc/arm-none-eabi/5.4.1/armv7e-m/fpu/crtn.o
                0x00000000080005c4                . = ALIGN (0x4)
                0x00000000080005c4                _etext = .

.vfp11_veneer   0x00000000080005c4        0x0
 .vfp11_veneer  0x00000000080005c4        0x0 linker stubs

.v4_bx          0x00000000080005c4        0x0
 .v4_bx         0x00000000080005c4        0x0 linker stubs

.iplt           0x00000000080005c4        0x0
 .iplt          0x00000000080005c4        0x0 /Users/ertuil/gcc-arm-none-eabi/bin/../lib/gcc/arm-none-eabi/5.4.1/armv7e-m/fpu/crtbegin.o

.rel.dyn        0x00000000080005c4        0x0
 .rel.iplt      0x00000000080005c4        0x0 /Users/ertuil/gcc-arm-none-eabi/bin/../lib/gcc/arm-none-eabi/5.4.1/armv7e-m/fpu/crtbegin.o

.rodata         0x00000000080005c4        0x0
                0x00000000080005c4                . = ALIGN (0x4)
 *(.rodata)
 *(.rodata*)
                0x00000000080005c4                . = ALIGN (0x4)

.ARM.extab
 *(.ARM.extab* .gnu.linkonce.armextab.*)

.ARM            0x00000000080005c4        0x0
                0x00000000080005c4                __exidx_start = .
 *(.ARM.exidx*)
                0x00000000080005c4                __exidx_end = .

.preinit_array  0x00000000080005c4        0x0
                0x00000000080005c4                PROVIDE (__preinit_array_start, .)
 *(.preinit_array*)
                0x00000000080005c4                PROVIDE (__preinit_array_end, .)

.init_array     0x00000000080005c4        0x4
                0x00000000080005c4                PROVIDE (__init_array_start, .)
 *(SORT(.init_array.*))
 *(.init_array*)
 .init_array    0x00000000080005c4        0x4 /Users/ertuil/gcc-arm-none-eabi/bin/../lib/gcc/arm-none-eabi/5.4.1/armv7e-m/fpu/crtbegin.o
                0x00000000080005c8                PROVIDE (__init_array_end, .)

.fini_array     0x00000000080005c8        0x4
                [!provide]                        PROVIDE (__fini_array_start, .)
 *(SORT(.fini_array.*))
 *(.fini_array*)
 .fini_array    0x00000000080005c8        0x4 /Users/ertuil/gcc-arm-none-eabi/bin/../lib/gcc/arm-none-eabi/5.4.1/armv7e-m/fpu/crtbegin.o
                [!provide]                        PROVIDE (__fini_array_end, .)
                0x00000000080005cc                _sidata = LOADADDR (.data)

.data           0x0000000020000000        0x0 load address 0x00000000080005cc
                0x0000000020000000                . = ALIGN (0x4)
                0x0000000020000000                _sdata = .
 *(.data)
 *(.data*)
                0x0000000020000000                . = ALIGN (0x4)
                0x0000000020000000                _edata = .
                0x00000000080005cc                _siccmram = LOADADDR (.ccmram)

.jcr            0x0000000020000000        0x0 load address 0x00000000080005cc
 .jcr           0x0000000020000000        0x0 /Users/ertuil/gcc-arm-none-eabi/bin/../lib/gcc/arm-none-eabi/5.4.1/armv7e-m/fpu/crtbegin.o

.igot.plt       0x0000000020000000        0x0 load address 0x00000000080005cc
 .igot.plt      0x0000000020000000        0x0 /Users/ertuil/gcc-arm-none-eabi/bin/../lib/gcc/arm-none-eabi/5.4.1/armv7e-m/fpu/crtbegin.o

.ccmram         0x0000000010000000        0x0 load address 0x00000000080005cc
                0x0000000010000000                . = ALIGN (0x4)
                0x0000000010000000                _sccmram = .
 *(.ccmram)
 *(.ccmram*)
                0x0000000010000000                . = ALIGN (0x4)
                0x0000000010000000                _eccmram = .
                0x0000000010000000                . = ALIGN (0x4)

.bss            0x0000000020000000      0x150
                0x0000000020000000                _sbss = .
                0x0000000020000000                __bss_start__ = _sbss
 *(.bss)
 .bss           0x0000000020000000       0x1c /Users/ertuil/gcc-arm-none-eabi/bin/../lib/gcc/arm-none-eabi/5.4.1/armv7e-m/fpu/crtbegin.o
 *(.bss*)
 .bss.USART_RX_STA
                0x000000002000001c        0x2 build/usart.o
                0x000000002000001c                USART_RX_STA
 *(COMMON)
 *fill*         0x000000002000001e        0x2 
 COMMON         0x0000000020000020      0x130 build/usart.o
                0x0000000020000020                USART_RX_BUF
                0x00000000200000e8                __stdout
                0x0000000020000150                . = ALIGN (0x4)
                0x0000000020000150                _ebss = .
                0x0000000020000150                __bss_end__ = _ebss

._user_heap_stack
                0x0000000020000150      0x600
                0x0000000020000150                . = ALIGN (0x8)
                [!provide]                        PROVIDE (end, .)
                [!provide]                        PROVIDE (_end, .)
                0x0000000020000350                . = (. + _Min_Heap_Size)
 *fill*         0x0000000020000150      0x200 
                0x0000000020000750                . = (. + _Min_Stack_Size)
 *fill*         0x0000000020000350      0x400 
                0x0000000020000750                . = ALIGN (0x8)

/DISCARD/
 libc.a(*)
 libm.a(*)
 libgcc.a(*)

.ARM.attributes
                0x0000000000000000       0x30
 *(.ARM.attributes)
 .ARM.attributes
                0x0000000000000000       0x22 /Users/ertuil/gcc-arm-none-eabi/bin/../lib/gcc/arm-none-eabi/5.4.1/armv7e-m/fpu/crti.o
 .ARM.attributes
                0x0000000000000022       0x34 /Users/ertuil/gcc-arm-none-eabi/bin/../lib/gcc/arm-none-eabi/5.4.1/armv7e-m/fpu/crtbegin.o
 .ARM.attributes
                0x0000000000000056       0x39 build/stm32f4xx_rcc.o
 .ARM.attributes
                0x000000000000008f       0x39 build/stm32f4xx_usart.o
 .ARM.attributes
                0x00000000000000c8       0x39 build/stm32f4xx_gpio.o
 .ARM.attributes
                0x0000000000000101       0x39 build/main.o
 .ARM.attributes
                0x000000000000013a       0x39 build/system_stm32f4xx.o
 .ARM.attributes
                0x0000000000000173       0x39 build/stm32f4xx_it.o
 .ARM.attributes
                0x00000000000001ac       0x39 build/usart.o
 .ARM.attributes
                0x00000000000001e5       0x21 build/startup_stm32f407xx.o
 .ARM.attributes
                0x0000000000000206       0x34 /Users/ertuil/gcc-arm-none-eabi/bin/../lib/gcc/arm-none-eabi/5.4.1/../../../../arm-none-eabi/lib/armv7e-m/fpu/libc_nano.a(lib_a-init.o)
 .ARM.attributes
                0x000000000000023a       0x22 /Users/ertuil/gcc-arm-none-eabi/bin/../lib/gcc/arm-none-eabi/5.4.1/armv7e-m/fpu/crtn.o
OUTPUT(build/target.elf elf32-littlearm)

.debug_info     0x0000000000000000     0x43af
 .debug_info    0x0000000000000000      0xfad build/stm32f4xx_rcc.o
 .debug_info    0x0000000000000fad      0xc56 build/stm32f4xx_usart.o
 .debug_info    0x0000000000001c03      0x8aa build/stm32f4xx_gpio.o
 .debug_info    0x00000000000024ad      0x3e5 build/main.o
 .debug_info    0x0000000000002892      0x69c build/system_stm32f4xx.o
 .debug_info    0x0000000000002f2e      0x161 build/stm32f4xx_it.o
 .debug_info    0x000000000000308f     0x12bf build/usart.o
 .debug_info    0x000000000000434e       0x61 build/startup_stm32f407xx.o

.debug_abbrev   0x0000000000000000      0xc2b
 .debug_abbrev  0x0000000000000000      0x21c build/stm32f4xx_rcc.o
 .debug_abbrev  0x000000000000021c      0x1f4 build/stm32f4xx_usart.o
 .debug_abbrev  0x0000000000000410      0x219 build/stm32f4xx_gpio.o
 .debug_abbrev  0x0000000000000629      0x16b build/main.o
 .debug_abbrev  0x0000000000000794      0x158 build/system_stm32f4xx.o
 .debug_abbrev  0x00000000000008ec       0x84 build/stm32f4xx_it.o
 .debug_abbrev  0x0000000000000970      0x2a9 build/usart.o
 .debug_abbrev  0x0000000000000c19       0x12 build/startup_stm32f407xx.o

.debug_loc      0x0000000000000000     0x1ae7
 .debug_loc     0x0000000000000000      0xc2f build/stm32f4xx_rcc.o
 .debug_loc     0x0000000000000c2f      0x821 build/stm32f4xx_usart.o
 .debug_loc     0x0000000000001450      0x409 build/stm32f4xx_gpio.o
 .debug_loc     0x0000000000001859       0x58 build/main.o
 .debug_loc     0x00000000000018b1      0x17e build/system_stm32f4xx.o
 .debug_loc     0x0000000000001a2f       0xb8 build/usart.o

.debug_aranges  0x0000000000000000      0x460
 .debug_aranges
                0x0000000000000000      0x1c0 build/stm32f4xx_rcc.o
 .debug_aranges
                0x00000000000001c0      0x100 build/stm32f4xx_usart.o
 .debug_aranges
                0x00000000000002c0       0x88 build/stm32f4xx_gpio.o
 .debug_aranges
                0x0000000000000348       0x28 build/main.o
 .debug_aranges
                0x0000000000000370       0x30 build/system_stm32f4xx.o
 .debug_aranges
                0x00000000000003a0       0x60 build/stm32f4xx_it.o
 .debug_aranges
                0x0000000000000400       0x38 build/usart.o
 .debug_aranges
                0x0000000000000438       0x28 build/startup_stm32f407xx.o

.debug_ranges   0x0000000000000000      0x3e8
 .debug_ranges  0x0000000000000000      0x1b0 build/stm32f4xx_rcc.o
 .debug_ranges  0x00000000000001b0       0xf0 build/stm32f4xx_usart.o
 .debug_ranges  0x00000000000002a0       0x78 build/stm32f4xx_gpio.o
 .debug_ranges  0x0000000000000318       0x18 build/main.o
 .debug_ranges  0x0000000000000330       0x20 build/system_stm32f4xx.o
 .debug_ranges  0x0000000000000350       0x50 build/stm32f4xx_it.o
 .debug_ranges  0x00000000000003a0       0x28 build/usart.o
 .debug_ranges  0x00000000000003c8       0x20 build/startup_stm32f407xx.o

.debug_line     0x0000000000000000     0x1293
 .debug_line    0x0000000000000000      0x53d build/stm32f4xx_rcc.o
 .debug_line    0x000000000000053d      0x3b2 build/stm32f4xx_usart.o
 .debug_line    0x00000000000008ef      0x277 build/stm32f4xx_gpio.o
 .debug_line    0x0000000000000b66      0x15a build/main.o
 .debug_line    0x0000000000000cc0      0x17c build/system_stm32f4xx.o
 .debug_line    0x0000000000000e3c      0x171 build/stm32f4xx_it.o
 .debug_line    0x0000000000000fad      0x272 build/usart.o
 .debug_line    0x000000000000121f       0x74 build/startup_stm32f407xx.o

.debug_str      0x0000000000000000     0x1bdf
 .debug_str     0x0000000000000000      0x94f build/stm32f4xx_rcc.o
                                        0x9e4 (size before relaxing)
 .debug_str     0x000000000000094f      0x40b build/stm32f4xx_usart.o
                                        0x707 (size before relaxing)
 .debug_str     0x0000000000000d5a      0x2f9 build/stm32f4xx_gpio.o
                                        0x4ef (size before relaxing)
 .debug_str     0x0000000000001053       0x40 build/main.o
                                        0x3c7 (size before relaxing)
 .debug_str     0x0000000000001093       0xf4 build/system_stm32f4xx.o
                                        0x3fd (size before relaxing)
 .debug_str     0x0000000000001187       0xa7 build/stm32f4xx_it.o
                                        0x233 (size before relaxing)
 .debug_str     0x000000000000122e      0x9b1 build/usart.o
                                        0xece (size before relaxing)

.comment        0x0000000000000000       0x6e
 .comment       0x0000000000000000       0x6e build/stm32f4xx_rcc.o
                                         0x6f (size before relaxing)
 .comment       0x000000000000006e       0x6f build/stm32f4xx_usart.o
 .comment       0x000000000000006e       0x6f build/stm32f4xx_gpio.o
 .comment       0x000000000000006e       0x6f build/main.o
 .comment       0x000000000000006e       0x6f build/system_stm32f4xx.o
 .comment       0x000000000000006e       0x6f build/stm32f4xx_it.o
 .comment       0x000000000000006e       0x6f build/usart.o

.debug_frame    0x0000000000000000      0x8ac
 .debug_frame   0x0000000000000000      0x378 build/stm32f4xx_rcc.o
 .debug_frame   0x0000000000000378      0x228 build/stm32f4xx_usart.o
 .debug_frame   0x00000000000005a0      0x12c build/stm32f4xx_gpio.o
 .debug_frame   0x00000000000006cc       0x48 build/main.o
 .debug_frame   0x0000000000000714       0x54 build/system_stm32f4xx.o
 .debug_frame   0x0000000000000768       0xa0 build/stm32f4xx_it.o
 .debug_frame   0x0000000000000808       0x78 build/usart.o
 .debug_frame   0x0000000000000880       0x2c /Users/ertuil/gcc-arm-none-eabi/bin/../lib/gcc/arm-none-eabi/5.4.1/../../../../arm-none-eabi/lib/armv7e-m/fpu/libc_nano.a(lib_a-init.o)

Cross Reference Table

Symbol                                            File
ADC_AnalogWatchdogCmd                             build/stm32f4xx_adc.o
ADC_AnalogWatchdogSingleChannelConfig             build/stm32f4xx_adc.o
ADC_AnalogWatchdogThresholdsConfig                build/stm32f4xx_adc.o
ADC_AutoInjectedConvCmd                           build/stm32f4xx_adc.o
ADC_ClearFlag                                     build/stm32f4xx_adc.o
ADC_ClearITPendingBit                             build/stm32f4xx_adc.o
ADC_Cmd                                           build/stm32f4xx_adc.o
ADC_CommonInit                                    build/stm32f4xx_adc.o
ADC_CommonStructInit                              build/stm32f4xx_adc.o
ADC_ContinuousModeCmd                             build/stm32f4xx_adc.o
ADC_DMACmd                                        build/stm32f4xx_adc.o
ADC_DMARequestAfterLastTransferCmd                build/stm32f4xx_adc.o
ADC_DeInit                                        build/stm32f4xx_adc.o
ADC_DiscModeChannelCountConfig                    build/stm32f4xx_adc.o
ADC_DiscModeCmd                                   build/stm32f4xx_adc.o
ADC_EOCOnEachRegularChannelCmd                    build/stm32f4xx_adc.o
ADC_ExternalTrigInjectedConvConfig                build/stm32f4xx_adc.o
ADC_ExternalTrigInjectedConvEdgeConfig            build/stm32f4xx_adc.o
ADC_GetConversionValue                            build/stm32f4xx_adc.o
ADC_GetFlagStatus                                 build/stm32f4xx_adc.o
ADC_GetITStatus                                   build/stm32f4xx_adc.o
ADC_GetInjectedConversionValue                    build/stm32f4xx_adc.o
ADC_GetMultiModeConversionValue                   build/stm32f4xx_adc.o
ADC_GetSoftwareStartConvStatus                    build/stm32f4xx_adc.o
ADC_GetSoftwareStartInjectedConvCmdStatus         build/stm32f4xx_adc.o
ADC_IRQHandler                                    build/startup_stm32f407xx.o
ADC_ITConfig                                      build/stm32f4xx_adc.o
ADC_Init                                          build/stm32f4xx_adc.o
ADC_InjectedChannelConfig                         build/stm32f4xx_adc.o
ADC_InjectedDiscModeCmd                           build/stm32f4xx_adc.o
ADC_InjectedSequencerLengthConfig                 build/stm32f4xx_adc.o
ADC_MultiModeDMARequestAfterLastTransferCmd       build/stm32f4xx_adc.o
ADC_RegularChannelConfig                          build/stm32f4xx_adc.o
ADC_SetInjectedOffset                             build/stm32f4xx_adc.o
ADC_SoftwareStartConv                             build/stm32f4xx_adc.o
ADC_SoftwareStartInjectedConv                     build/stm32f4xx_adc.o
ADC_StructInit                                    build/stm32f4xx_adc.o
ADC_TempSensorVrefintCmd                          build/stm32f4xx_adc.o
ADC_VBATCmd                                       build/stm32f4xx_adc.o
AHBPrescTable                                     build/system_stm32f4xx.o
BusFault_Handler                                  build/stm32f4xx_it.o
CAN1_RX0_IRQHandler                               build/startup_stm32f407xx.o
CAN1_RX1_IRQHandler                               build/startup_stm32f407xx.o
CAN1_SCE_IRQHandler                               build/startup_stm32f407xx.o
CAN1_TX_IRQHandler                                build/startup_stm32f407xx.o
CAN2_RX0_IRQHandler                               build/startup_stm32f407xx.o
CAN2_RX1_IRQHandler                               build/startup_stm32f407xx.o
CAN2_SCE_IRQHandler                               build/startup_stm32f407xx.o
CAN2_TX_IRQHandler                                build/startup_stm32f407xx.o
CAN_CancelTransmit                                build/stm32f4xx_can.o
CAN_ClearFlag                                     build/stm32f4xx_can.o
CAN_ClearITPendingBit                             build/stm32f4xx_can.o
CAN_DBGFreeze                                     build/stm32f4xx_can.o
CAN_DeInit                                        build/stm32f4xx_can.o
CAN_FIFORelease                                   build/stm32f4xx_can.o
CAN_FilterInit                                    build/stm32f4xx_can.o
CAN_GetFlagStatus                                 build/stm32f4xx_can.o
CAN_GetITStatus                                   build/stm32f4xx_can.o
CAN_GetLSBTransmitErrorCounter                    build/stm32f4xx_can.o
CAN_GetLastErrorCode                              build/stm32f4xx_can.o
CAN_GetReceiveErrorCounter                        build/stm32f4xx_can.o
CAN_ITConfig                                      build/stm32f4xx_can.o
CAN_Init                                          build/stm32f4xx_can.o
CAN_MessagePending                                build/stm32f4xx_can.o
CAN_OperatingModeRequest                          build/stm32f4xx_can.o
CAN_Receive                                       build/stm32f4xx_can.o
CAN_SlaveStartBank                                build/stm32f4xx_can.o
CAN_Sleep                                         build/stm32f4xx_can.o
CAN_StructInit                                    build/stm32f4xx_can.o
CAN_TTComModeCmd                                  build/stm32f4xx_can.o
CAN_Transmit                                      build/stm32f4xx_can.o
CAN_TransmitStatus                                build/stm32f4xx_can.o
CAN_WakeUp                                        build/stm32f4xx_can.o
CRC_CalcBlockCRC                                  build/stm32f4xx_crc.o
CRC_CalcCRC                                       build/stm32f4xx_crc.o
CRC_GetCRC                                        build/stm32f4xx_crc.o
CRC_GetIDRegister                                 build/stm32f4xx_crc.o
CRC_ResetDR                                       build/stm32f4xx_crc.o
CRC_SetIDRegister                                 build/stm32f4xx_crc.o
CRYP_AES_CBC                                      build/stm32f4xx_cryp_aes.o
CRYP_AES_CCM                                      build/stm32f4xx_cryp_aes.o
CRYP_AES_CTR                                      build/stm32f4xx_cryp_aes.o
CRYP_AES_ECB                                      build/stm32f4xx_cryp_aes.o
CRYP_AES_GCM                                      build/stm32f4xx_cryp_aes.o
CRYP_Cmd                                          build/stm32f4xx_cryp.o
                                                  build/stm32f4xx_cryp_tdes.o
                                                  build/stm32f4xx_cryp_aes.o
                                                  build/stm32f4xx_cryp_des.o
CRYP_DES_CBC                                      build/stm32f4xx_cryp_des.o
CRYP_DES_ECB                                      build/stm32f4xx_cryp_des.o
CRYP_DMACmd                                       build/stm32f4xx_cryp.o
CRYP_DataIn                                       build/stm32f4xx_cryp.o
                                                  build/stm32f4xx_cryp_tdes.o
                                                  build/stm32f4xx_cryp_aes.o
                                                  build/stm32f4xx_cryp_des.o
CRYP_DataOut                                      build/stm32f4xx_cryp.o
                                                  build/stm32f4xx_cryp_tdes.o
                                                  build/stm32f4xx_cryp_aes.o
                                                  build/stm32f4xx_cryp_des.o
CRYP_DeInit                                       build/stm32f4xx_cryp.o
CRYP_FIFOFlush                                    build/stm32f4xx_cryp.o
                                                  build/stm32f4xx_cryp_tdes.o
                                                  build/stm32f4xx_cryp_aes.o
                                                  build/stm32f4xx_cryp_des.o
CRYP_GetCmdStatus                                 build/stm32f4xx_cryp.o
                                                  build/stm32f4xx_cryp_tdes.o
                                                  build/stm32f4xx_cryp_aes.o
                                                  build/stm32f4xx_cryp_des.o
CRYP_GetFlagStatus                                build/stm32f4xx_cryp.o
                                                  build/stm32f4xx_cryp_tdes.o
                                                  build/stm32f4xx_cryp_aes.o
                                                  build/stm32f4xx_cryp_des.o
CRYP_GetITStatus                                  build/stm32f4xx_cryp.o
CRYP_ITConfig                                     build/stm32f4xx_cryp.o
CRYP_IVInit                                       build/stm32f4xx_cryp.o
                                                  build/stm32f4xx_cryp_tdes.o
                                                  build/stm32f4xx_cryp_aes.o
                                                  build/stm32f4xx_cryp_des.o
CRYP_IVStructInit                                 build/stm32f4xx_cryp.o
CRYP_Init                                         build/stm32f4xx_cryp.o
                                                  build/stm32f4xx_cryp_tdes.o
                                                  build/stm32f4xx_cryp_aes.o
                                                  build/stm32f4xx_cryp_des.o
CRYP_KeyInit                                      build/stm32f4xx_cryp.o
                                                  build/stm32f4xx_cryp_tdes.o
                                                  build/stm32f4xx_cryp_aes.o
                                                  build/stm32f4xx_cryp_des.o
CRYP_KeyStructInit                                build/stm32f4xx_cryp.o
                                                  build/stm32f4xx_cryp_tdes.o
                                                  build/stm32f4xx_cryp_aes.o
                                                  build/stm32f4xx_cryp_des.o
CRYP_PhaseConfig                                  build/stm32f4xx_cryp.o
                                                  build/stm32f4xx_cryp_aes.o
CRYP_RestoreContext                               build/stm32f4xx_cryp.o
CRYP_SaveContext                                  build/stm32f4xx_cryp.o
CRYP_StructInit                                   build/stm32f4xx_cryp.o
CRYP_TDES_CBC                                     build/stm32f4xx_cryp_tdes.o
CRYP_TDES_ECB                                     build/stm32f4xx_cryp_tdes.o
DAC_ClearFlag                                     build/stm32f4xx_dac.o
DAC_ClearITPendingBit                             build/stm32f4xx_dac.o
DAC_Cmd                                           build/stm32f4xx_dac.o
DAC_DMACmd                                        build/stm32f4xx_dac.o
DAC_DeInit                                        build/stm32f4xx_dac.o
DAC_DualSoftwareTriggerCmd                        build/stm32f4xx_dac.o
DAC_GetDataOutputValue                            build/stm32f4xx_dac.o
DAC_GetFlagStatus                                 build/stm32f4xx_dac.o
DAC_GetITStatus                                   build/stm32f4xx_dac.o
DAC_ITConfig                                      build/stm32f4xx_dac.o
DAC_Init                                          build/stm32f4xx_dac.o
DAC_SetChannel1Data                               build/stm32f4xx_dac.o
DAC_SetChannel2Data                               build/stm32f4xx_dac.o
DAC_SetDualChannelData                            build/stm32f4xx_dac.o
DAC_SoftwareTriggerCmd                            build/stm32f4xx_dac.o
DAC_StructInit                                    build/stm32f4xx_dac.o
DAC_WaveGenerationCmd                             build/stm32f4xx_dac.o
DBGMCU_APB1PeriphConfig                           build/stm32f4xx_dbgmcu.o
DBGMCU_APB2PeriphConfig                           build/stm32f4xx_dbgmcu.o
DBGMCU_Config                                     build/stm32f4xx_dbgmcu.o
DBGMCU_GetDEVID                                   build/stm32f4xx_dbgmcu.o
DBGMCU_GetREVID                                   build/stm32f4xx_dbgmcu.o
DCMI_CROPCmd                                      build/stm32f4xx_dcmi.o
DCMI_CROPConfig                                   build/stm32f4xx_dcmi.o
DCMI_CaptureCmd                                   build/stm32f4xx_dcmi.o
DCMI_ClearFlag                                    build/stm32f4xx_dcmi.o
DCMI_ClearITPendingBit                            build/stm32f4xx_dcmi.o
DCMI_Cmd                                          build/stm32f4xx_dcmi.o
DCMI_DeInit                                       build/stm32f4xx_dcmi.o
DCMI_GetFlagStatus                                build/stm32f4xx_dcmi.o
DCMI_GetITStatus                                  build/stm32f4xx_dcmi.o
DCMI_IRQHandler                                   build/startup_stm32f407xx.o
DCMI_ITConfig                                     build/stm32f4xx_dcmi.o
DCMI_Init                                         build/stm32f4xx_dcmi.o
DCMI_JPEGCmd                                      build/stm32f4xx_dcmi.o
DCMI_ReadData                                     build/stm32f4xx_dcmi.o
DCMI_SetEmbeddedSynchroCodes                      build/stm32f4xx_dcmi.o
DCMI_StructInit                                   build/stm32f4xx_dcmi.o
DMA1_Stream0_IRQHandler                           build/startup_stm32f407xx.o
DMA1_Stream1_IRQHandler                           build/startup_stm32f407xx.o
DMA1_Stream2_IRQHandler                           build/startup_stm32f407xx.o
DMA1_Stream3_IRQHandler                           build/startup_stm32f407xx.o
DMA1_Stream4_IRQHandler                           build/startup_stm32f407xx.o
DMA1_Stream5_IRQHandler                           build/startup_stm32f407xx.o
DMA1_Stream6_IRQHandler                           build/startup_stm32f407xx.o
DMA1_Stream7_IRQHandler                           build/startup_stm32f407xx.o
DMA2D_AbortTransfer                               build/stm32f4xx_dma2d.o
DMA2D_BGConfig                                    build/stm32f4xx_dma2d.o
DMA2D_BGStart                                     build/stm32f4xx_dma2d.o
DMA2D_BG_StructInit                               build/stm32f4xx_dma2d.o
DMA2D_ClearFlag                                   build/stm32f4xx_dma2d.o
DMA2D_ClearITPendingBit                           build/stm32f4xx_dma2d.o
DMA2D_DeInit                                      build/stm32f4xx_dma2d.o
DMA2D_DeadTimeConfig                              build/stm32f4xx_dma2d.o
DMA2D_FGConfig                                    build/stm32f4xx_dma2d.o
DMA2D_FGStart                                     build/stm32f4xx_dma2d.o
DMA2D_FG_StructInit                               build/stm32f4xx_dma2d.o
DMA2D_GetFlagStatus                               build/stm32f4xx_dma2d.o
DMA2D_GetITStatus                                 build/stm32f4xx_dma2d.o
DMA2D_ITConfig                                    build/stm32f4xx_dma2d.o
DMA2D_Init                                        build/stm32f4xx_dma2d.o
DMA2D_LineWatermarkConfig                         build/stm32f4xx_dma2d.o
DMA2D_StartTransfer                               build/stm32f4xx_dma2d.o
DMA2D_StructInit                                  build/stm32f4xx_dma2d.o
DMA2D_Suspend                                     build/stm32f4xx_dma2d.o
DMA2_Stream0_IRQHandler                           build/startup_stm32f407xx.o
DMA2_Stream1_IRQHandler                           build/startup_stm32f407xx.o
DMA2_Stream2_IRQHandler                           build/startup_stm32f407xx.o
DMA2_Stream3_IRQHandler                           build/startup_stm32f407xx.o
DMA2_Stream4_IRQHandler                           build/startup_stm32f407xx.o
DMA2_Stream5_IRQHandler                           build/startup_stm32f407xx.o
DMA2_Stream6_IRQHandler                           build/startup_stm32f407xx.o
DMA2_Stream7_IRQHandler                           build/startup_stm32f407xx.o
DMA_ClearFlag                                     build/stm32f4xx_dma.o
DMA_ClearITPendingBit                             build/stm32f4xx_dma.o
DMA_Cmd                                           build/stm32f4xx_dma.o
DMA_DeInit                                        build/stm32f4xx_dma.o
DMA_DoubleBufferModeCmd                           build/stm32f4xx_dma.o
DMA_DoubleBufferModeConfig                        build/stm32f4xx_dma.o
DMA_FlowControllerConfig                          build/stm32f4xx_dma.o
DMA_GetCmdStatus                                  build/stm32f4xx_dma.o
DMA_GetCurrDataCounter                            build/stm32f4xx_dma.o
DMA_GetCurrentMemoryTarget                        build/stm32f4xx_dma.o
DMA_GetFIFOStatus                                 build/stm32f4xx_dma.o
DMA_GetFlagStatus                                 build/stm32f4xx_dma.o
DMA_GetITStatus                                   build/stm32f4xx_dma.o
DMA_ITConfig                                      build/stm32f4xx_dma.o
DMA_Init                                          build/stm32f4xx_dma.o
DMA_MemoryTargetConfig                            build/stm32f4xx_dma.o
DMA_PeriphIncOffsetSizeConfig                     build/stm32f4xx_dma.o
DMA_SetCurrDataCounter                            build/stm32f4xx_dma.o
DMA_StructInit                                    build/stm32f4xx_dma.o
DebugMon_Handler                                  build/stm32f4xx_it.o
Default_Handler                                   build/startup_stm32f407xx.o
Delay                                             build/main.o
ETH_IRQHandler                                    build/startup_stm32f407xx.o
ETH_WKUP_IRQHandler                               build/startup_stm32f407xx.o
EXTI0_IRQHandler                                  build/startup_stm32f407xx.o
EXTI15_10_IRQHandler                              build/startup_stm32f407xx.o
EXTI1_IRQHandler                                  build/startup_stm32f407xx.o
EXTI2_IRQHandler                                  build/startup_stm32f407xx.o
EXTI3_IRQHandler                                  build/startup_stm32f407xx.o
EXTI4_IRQHandler                                  build/startup_stm32f407xx.o
EXTI9_5_IRQHandler                                build/startup_stm32f407xx.o
EXTI_ClearFlag                                    build/stm32f4xx_exti.o
EXTI_ClearITPendingBit                            build/stm32f4xx_exti.o
EXTI_DeInit                                       build/stm32f4xx_exti.o
EXTI_GenerateSWInterrupt                          build/stm32f4xx_exti.o
EXTI_GetFlagStatus                                build/stm32f4xx_exti.o
EXTI_GetITStatus                                  build/stm32f4xx_exti.o
EXTI_Init                                         build/stm32f4xx_exti.o
EXTI_StructInit                                   build/stm32f4xx_exti.o
FLASH_ClearFlag                                   build/stm32f4xx_flash.o
FLASH_DataCacheCmd                                build/stm32f4xx_flash.o
FLASH_DataCacheReset                              build/stm32f4xx_flash.o
FLASH_EraseAllBank1Sectors                        build/stm32f4xx_flash.o
FLASH_EraseAllBank2Sectors                        build/stm32f4xx_flash.o
FLASH_EraseAllSectors                             build/stm32f4xx_flash.o
FLASH_EraseSector                                 build/stm32f4xx_flash.o
FLASH_FlashInterfaceCmd                           build/stm32f4xx_flash_ramfunc.o
FLASH_FlashSleepModeCmd                           build/stm32f4xx_flash_ramfunc.o
FLASH_GetFlagStatus                               build/stm32f4xx_flash.o
FLASH_GetStatus                                   build/stm32f4xx_flash.o
FLASH_IRQHandler                                  build/startup_stm32f407xx.o
FLASH_ITConfig                                    build/stm32f4xx_flash.o
FLASH_InstructionCacheCmd                         build/stm32f4xx_flash.o
FLASH_InstructionCacheReset                       build/stm32f4xx_flash.o
FLASH_Lock                                        build/stm32f4xx_flash.o
FLASH_OB_BORConfig                                build/stm32f4xx_flash.o
FLASH_OB_BootConfig                               build/stm32f4xx_flash.o
FLASH_OB_GetBOR                                   build/stm32f4xx_flash.o
FLASH_OB_GetPCROP                                 build/stm32f4xx_flash.o
FLASH_OB_GetPCROP1                                build/stm32f4xx_flash.o
FLASH_OB_GetRDP                                   build/stm32f4xx_flash.o
FLASH_OB_GetUser                                  build/stm32f4xx_flash.o
FLASH_OB_GetWRP                                   build/stm32f4xx_flash.o
FLASH_OB_GetWRP1                                  build/stm32f4xx_flash.o
FLASH_OB_Launch                                   build/stm32f4xx_flash.o
FLASH_OB_Lock                                     build/stm32f4xx_flash.o
FLASH_OB_PCROP1Config                             build/stm32f4xx_flash.o
FLASH_OB_PCROPConfig                              build/stm32f4xx_flash.o
FLASH_OB_PCROPSelectionConfig                     build/stm32f4xx_flash.o
FLASH_OB_RDPConfig                                build/stm32f4xx_flash.o
FLASH_OB_Unlock                                   build/stm32f4xx_flash.o
FLASH_OB_UserConfig                               build/stm32f4xx_flash.o
FLASH_OB_WRP1Config                               build/stm32f4xx_flash.o
FLASH_OB_WRPConfig                                build/stm32f4xx_flash.o
FLASH_PrefetchBufferCmd                           build/stm32f4xx_flash.o
FLASH_ProgramByte                                 build/stm32f4xx_flash.o
FLASH_ProgramDoubleWord                           build/stm32f4xx_flash.o
FLASH_ProgramHalfWord                             build/stm32f4xx_flash.o
FLASH_ProgramWord                                 build/stm32f4xx_flash.o
FLASH_SetLatency                                  build/stm32f4xx_flash.o
FLASH_Unlock                                      build/stm32f4xx_flash.o
FLASH_WaitForLastOperation                        build/stm32f4xx_flash.o
FPU_IRQHandler                                    build/startup_stm32f407xx.o
FSMC_ClearFlag                                    build/stm32f4xx_fsmc.o
FSMC_ClearITPendingBit                            build/stm32f4xx_fsmc.o
FSMC_DefaultTimingStruct                          build/stm32f4xx_fsmc.o
FSMC_GetECC                                       build/stm32f4xx_fsmc.o
FSMC_GetFlagStatus                                build/stm32f4xx_fsmc.o
FSMC_GetITStatus                                  build/stm32f4xx_fsmc.o
FSMC_IRQHandler                                   build/startup_stm32f407xx.o
FSMC_ITConfig                                     build/stm32f4xx_fsmc.o
FSMC_NANDCmd                                      build/stm32f4xx_fsmc.o
FSMC_NANDDeInit                                   build/stm32f4xx_fsmc.o
FSMC_NANDECCCmd                                   build/stm32f4xx_fsmc.o
FSMC_NANDInit                                     build/stm32f4xx_fsmc.o
FSMC_NANDStructInit                               build/stm32f4xx_fsmc.o
FSMC_NORSRAMCmd                                   build/stm32f4xx_fsmc.o
FSMC_NORSRAMDeInit                                build/stm32f4xx_fsmc.o
FSMC_NORSRAMInit                                  build/stm32f4xx_fsmc.o
FSMC_NORSRAMStructInit                            build/stm32f4xx_fsmc.o
FSMC_PCCARDCmd                                    build/stm32f4xx_fsmc.o
FSMC_PCCARDDeInit                                 build/stm32f4xx_fsmc.o
FSMC_PCCARDInit                                   build/stm32f4xx_fsmc.o
FSMC_PCCARDStructInit                             build/stm32f4xx_fsmc.o
GPIO_DeInit                                       build/stm32f4xx_gpio.o
GPIO_Init                                         build/stm32f4xx_gpio.o
                                                  build/usart.o
                                                  build/main.o
GPIO_PinAFConfig                                  build/stm32f4xx_gpio.o
                                                  build/usart.o
GPIO_PinLockConfig                                build/stm32f4xx_gpio.o
GPIO_ReadInputData                                build/stm32f4xx_gpio.o
GPIO_ReadInputDataBit                             build/stm32f4xx_gpio.o
GPIO_ReadOutputData                               build/stm32f4xx_gpio.o
GPIO_ReadOutputDataBit                            build/stm32f4xx_gpio.o
GPIO_ResetBits                                    build/stm32f4xx_gpio.o
                                                  build/main.o
GPIO_SetBits                                      build/stm32f4xx_gpio.o
                                                  build/main.o
GPIO_StructInit                                   build/stm32f4xx_gpio.o
GPIO_ToggleBits                                   build/stm32f4xx_gpio.o
GPIO_Write                                        build/stm32f4xx_gpio.o
GPIO_WriteBit                                     build/stm32f4xx_gpio.o
HASH_AutoStartDigest                              build/stm32f4xx_hash.o
HASH_ClearFlag                                    build/stm32f4xx_hash.o
HASH_ClearITPendingBit                            build/stm32f4xx_hash.o
HASH_DMACmd                                       build/stm32f4xx_hash.o
HASH_DataIn                                       build/stm32f4xx_hash.o
                                                  build/stm32f4xx_hash_md5.o
                                                  build/stm32f4xx_hash_sha1.o
HASH_DeInit                                       build/stm32f4xx_hash.o
                                                  build/stm32f4xx_hash_md5.o
                                                  build/stm32f4xx_hash_sha1.o
HASH_GetDigest                                    build/stm32f4xx_hash.o
                                                  build/stm32f4xx_hash_md5.o
                                                  build/stm32f4xx_hash_sha1.o
HASH_GetFlagStatus                                build/stm32f4xx_hash.o
                                                  build/stm32f4xx_hash_md5.o
                                                  build/stm32f4xx_hash_sha1.o
HASH_GetITStatus                                  build/stm32f4xx_hash.o
HASH_GetInFIFOWordsNbr                            build/stm32f4xx_hash.o
HASH_ITConfig                                     build/stm32f4xx_hash.o
HASH_Init                                         build/stm32f4xx_hash.o
                                                  build/stm32f4xx_hash_md5.o
                                                  build/stm32f4xx_hash_sha1.o
HASH_MD5                                          build/stm32f4xx_hash_md5.o
HASH_RNG_IRQHandler                               build/startup_stm32f407xx.o
HASH_Reset                                        build/stm32f4xx_hash.o
HASH_RestoreContext                               build/stm32f4xx_hash.o
HASH_SHA1                                         build/stm32f4xx_hash_sha1.o
HASH_SaveContext                                  build/stm32f4xx_hash.o
HASH_SetLastWordValidBitsNbr                      build/stm32f4xx_hash.o
                                                  build/stm32f4xx_hash_md5.o
                                                  build/stm32f4xx_hash_sha1.o
HASH_StartDigest                                  build/stm32f4xx_hash.o
                                                  build/stm32f4xx_hash_md5.o
                                                  build/stm32f4xx_hash_sha1.o
HASH_StructInit                                   build/stm32f4xx_hash.o
HMAC_MD5                                          build/stm32f4xx_hash_md5.o
HMAC_SHA1                                         build/stm32f4xx_hash_sha1.o
HardFault_Handler                                 build/stm32f4xx_it.o
I2C1_ER_IRQHandler                                build/startup_stm32f407xx.o
I2C1_EV_IRQHandler                                build/startup_stm32f407xx.o
I2C2_ER_IRQHandler                                build/startup_stm32f407xx.o
I2C2_EV_IRQHandler                                build/startup_stm32f407xx.o
I2C3_ER_IRQHandler                                build/startup_stm32f407xx.o
I2C3_EV_IRQHandler                                build/startup_stm32f407xx.o
I2C_ARPCmd                                        build/stm32f4xx_i2c.o
I2C_AcknowledgeConfig                             build/stm32f4xx_i2c.o
I2C_AnalogFilterCmd                               build/stm32f4xx_i2c.o
I2C_CalculatePEC                                  build/stm32f4xx_i2c.o
I2C_CheckEvent                                    build/stm32f4xx_i2c.o
I2C_ClearFlag                                     build/stm32f4xx_i2c.o
I2C_ClearITPendingBit                             build/stm32f4xx_i2c.o
I2C_Cmd                                           build/stm32f4xx_i2c.o
I2C_DMACmd                                        build/stm32f4xx_i2c.o
I2C_DMALastTransferCmd                            build/stm32f4xx_i2c.o
I2C_DeInit                                        build/stm32f4xx_i2c.o
I2C_DigitalFilterConfig                           build/stm32f4xx_i2c.o
I2C_DualAddressCmd                                build/stm32f4xx_i2c.o
I2C_FastModeDutyCycleConfig                       build/stm32f4xx_i2c.o
I2C_GeneralCallCmd                                build/stm32f4xx_i2c.o
I2C_GenerateSTART                                 build/stm32f4xx_i2c.o
I2C_GenerateSTOP                                  build/stm32f4xx_i2c.o
I2C_GetFlagStatus                                 build/stm32f4xx_i2c.o
I2C_GetITStatus                                   build/stm32f4xx_i2c.o
I2C_GetLastEvent                                  build/stm32f4xx_i2c.o
I2C_GetPEC                                        build/stm32f4xx_i2c.o
I2C_ITConfig                                      build/stm32f4xx_i2c.o
I2C_Init                                          build/stm32f4xx_i2c.o
I2C_NACKPositionConfig                            build/stm32f4xx_i2c.o
I2C_OwnAddress2Config                             build/stm32f4xx_i2c.o
I2C_PECPositionConfig                             build/stm32f4xx_i2c.o
I2C_ReadRegister                                  build/stm32f4xx_i2c.o
I2C_ReceiveData                                   build/stm32f4xx_i2c.o
I2C_SMBusAlertConfig                              build/stm32f4xx_i2c.o
I2C_Send7bitAddress                               build/stm32f4xx_i2c.o
I2C_SendData                                      build/stm32f4xx_i2c.o
I2C_SoftwareResetCmd                              build/stm32f4xx_i2c.o
I2C_StretchClockCmd                               build/stm32f4xx_i2c.o
I2C_StructInit                                    build/stm32f4xx_i2c.o
I2C_TransmitPEC                                   build/stm32f4xx_i2c.o
I2S_Cmd                                           build/stm32f4xx_spi.o
I2S_FullDuplexConfig                              build/stm32f4xx_spi.o
I2S_Init                                          build/stm32f4xx_spi.o
I2S_StructInit                                    build/stm32f4xx_spi.o
IWDG_Enable                                       build/stm32f4xx_iwdg.o
IWDG_GetFlagStatus                                build/stm32f4xx_iwdg.o
IWDG_ReloadCounter                                build/stm32f4xx_iwdg.o
IWDG_SetPrescaler                                 build/stm32f4xx_iwdg.o
IWDG_SetReload                                    build/stm32f4xx_iwdg.o
IWDG_WriteAccessCmd                               build/stm32f4xx_iwdg.o
LTDC_CLUTCmd                                      build/stm32f4xx_ltdc.o
LTDC_CLUTInit                                     build/stm32f4xx_ltdc.o
LTDC_CLUTStructInit                               build/stm32f4xx_ltdc.o
LTDC_ClearFlag                                    build/stm32f4xx_ltdc.o
LTDC_ClearITPendingBit                            build/stm32f4xx_ltdc.o
LTDC_Cmd                                          build/stm32f4xx_ltdc.o
LTDC_ColorKeyingConfig                            build/stm32f4xx_ltdc.o
LTDC_ColorKeyingStructInit                        build/stm32f4xx_ltdc.o
LTDC_DeInit                                       build/stm32f4xx_ltdc.o
LTDC_DitherCmd                                    build/stm32f4xx_ltdc.o
LTDC_GetCDStatus                                  build/stm32f4xx_ltdc.o
LTDC_GetFlagStatus                                build/stm32f4xx_ltdc.o
LTDC_GetITStatus                                  build/stm32f4xx_ltdc.o
LTDC_GetPosStatus                                 build/stm32f4xx_ltdc.o
LTDC_GetRGBWidth                                  build/stm32f4xx_ltdc.o
LTDC_ITConfig                                     build/stm32f4xx_ltdc.o
LTDC_Init                                         build/stm32f4xx_ltdc.o
LTDC_LIPConfig                                    build/stm32f4xx_ltdc.o
LTDC_LayerAddress                                 build/stm32f4xx_ltdc.o
LTDC_LayerAlpha                                   build/stm32f4xx_ltdc.o
LTDC_LayerCmd                                     build/stm32f4xx_ltdc.o
LTDC_LayerInit                                    build/stm32f4xx_ltdc.o
LTDC_LayerPixelFormat                             build/stm32f4xx_ltdc.o
LTDC_LayerPosition                                build/stm32f4xx_ltdc.o
LTDC_LayerSize                                    build/stm32f4xx_ltdc.o
LTDC_LayerStructInit                              build/stm32f4xx_ltdc.o
LTDC_PosStructInit                                build/stm32f4xx_ltdc.o
LTDC_RGBStructInit                                build/stm32f4xx_ltdc.o
LTDC_ReloadConfig                                 build/stm32f4xx_ltdc.o
LTDC_StructInit                                   build/stm32f4xx_ltdc.o
MemManage_Handler                                 build/stm32f4xx_it.o
NMI_Handler                                       build/stm32f4xx_it.o
NVIC_Init                                         build/misc.o
                                                  build/usart.o
NVIC_PriorityGroupConfig                          build/misc.o
NVIC_SetVectorTable                               build/misc.o
NVIC_SystemLPConfig                               build/misc.o
OTG_FS_IRQHandler                                 build/startup_stm32f407xx.o
OTG_FS_WKUP_IRQHandler                            build/startup_stm32f407xx.o
OTG_HS_EP1_IN_IRQHandler                          build/startup_stm32f407xx.o
OTG_HS_EP1_OUT_IRQHandler                         build/startup_stm32f407xx.o
OTG_HS_IRQHandler                                 build/startup_stm32f407xx.o
OTG_HS_WKUP_IRQHandler                            build/startup_stm32f407xx.o
PVD_IRQHandler                                    build/startup_stm32f407xx.o
PWR_BackupAccessCmd                               build/stm32f4xx_pwr.o
PWR_BackupRegulatorCmd                            build/stm32f4xx_pwr.o
PWR_ClearFlag                                     build/stm32f4xx_pwr.o
PWR_DeInit                                        build/stm32f4xx_pwr.o
PWR_EnterSTANDBYMode                              build/stm32f4xx_pwr.o
PWR_EnterSTOPMode                                 build/stm32f4xx_pwr.o
PWR_EnterUnderDriveSTOPMode                       build/stm32f4xx_pwr.o
PWR_FlashPowerDownCmd                             build/stm32f4xx_pwr.o
PWR_GetFlagStatus                                 build/stm32f4xx_pwr.o
PWR_LowRegulatorLowVoltageCmd                     build/stm32f4xx_pwr.o
PWR_MainRegulatorLowVoltageCmd                    build/stm32f4xx_pwr.o
PWR_MainRegulatorModeConfig                       build/stm32f4xx_pwr.o
PWR_OverDriveCmd                                  build/stm32f4xx_pwr.o
PWR_OverDriveSWCmd                                build/stm32f4xx_pwr.o
PWR_PVDCmd                                        build/stm32f4xx_pwr.o
PWR_PVDLevelConfig                                build/stm32f4xx_pwr.o
PWR_UnderDriveCmd                                 build/stm32f4xx_pwr.o
PWR_WakeUpPinCmd                                  build/stm32f4xx_pwr.o
PendSV_Handler                                    build/stm32f4xx_it.o
RCC_AHB1PeriphClockCmd                            build/stm32f4xx_rcc.o
                                                  build/usart.o
                                                  build/main.o
RCC_AHB1PeriphClockLPModeCmd                      build/stm32f4xx_rcc.o
RCC_AHB1PeriphResetCmd                            build/stm32f4xx_rcc.o
                                                  build/stm32f4xx_gpio.o
                                                  build/stm32f4xx_dma2d.o
RCC_AHB2PeriphClockCmd                            build/stm32f4xx_rcc.o
RCC_AHB2PeriphClockLPModeCmd                      build/stm32f4xx_rcc.o
RCC_AHB2PeriphResetCmd                            build/stm32f4xx_rcc.o
                                                  build/stm32f4xx_cryp.o
                                                  build/stm32f4xx_hash.o
                                                  build/stm32f4xx_rng.o
RCC_AHB3PeriphClockCmd                            build/stm32f4xx_rcc.o
RCC_AHB3PeriphClockLPModeCmd                      build/stm32f4xx_rcc.o
RCC_AHB3PeriphResetCmd                            build/stm32f4xx_rcc.o
RCC_APB1PeriphClockCmd                            build/stm32f4xx_rcc.o
RCC_APB1PeriphClockLPModeCmd                      build/stm32f4xx_rcc.o
RCC_APB1PeriphResetCmd                            build/stm32f4xx_rcc.o
                                                  build/stm32f4xx_dac.o
                                                  build/stm32f4xx_pwr.o
                                                  build/stm32f4xx_can.o
                                                  build/stm32f4xx_usart.o
                                                  build/stm32f4xx_spi.o
                                                  build/stm32f4xx_tim.o
                                                  build/stm32f4xx_wwdg.o
                                                  build/stm32f4xx_i2c.o
RCC_APB2PeriphClockCmd                            build/stm32f4xx_rcc.o
                                                  build/usart.o
RCC_APB2PeriphClockLPModeCmd                      build/stm32f4xx_rcc.o
RCC_APB2PeriphResetCmd                            build/stm32f4xx_rcc.o
                                                  build/stm32f4xx_adc.o
                                                  build/stm32f4xx_sai.o
                                                  build/stm32f4xx_ltdc.o
                                                  build/stm32f4xx_syscfg.o
                                                  build/stm32f4xx_sdio.o
                                                  build/stm32f4xx_usart.o
                                                  build/stm32f4xx_spi.o
                                                  build/stm32f4xx_tim.o
RCC_AdjustHSICalibrationValue                     build/stm32f4xx_rcc.o
RCC_BackupResetCmd                                build/stm32f4xx_rcc.o
RCC_ClearFlag                                     build/stm32f4xx_rcc.o
RCC_ClearITPendingBit                             build/stm32f4xx_rcc.o
RCC_ClockSecuritySystemCmd                        build/stm32f4xx_rcc.o
RCC_DeInit                                        build/stm32f4xx_rcc.o
RCC_GetClocksFreq                                 build/stm32f4xx_rcc.o
                                                  build/stm32f4xx_usart.o
                                                  build/stm32f4xx_i2c.o
RCC_GetFlagStatus                                 build/stm32f4xx_rcc.o
RCC_GetITStatus                                   build/stm32f4xx_rcc.o
RCC_GetSYSCLKSource                               build/stm32f4xx_rcc.o
RCC_HCLKConfig                                    build/stm32f4xx_rcc.o
RCC_HSEConfig                                     build/stm32f4xx_rcc.o
RCC_HSICmd                                        build/stm32f4xx_rcc.o
RCC_I2SCLKConfig                                  build/stm32f4xx_rcc.o
RCC_IRQHandler                                    build/startup_stm32f407xx.o
RCC_ITConfig                                      build/stm32f4xx_rcc.o
RCC_LSEConfig                                     build/stm32f4xx_rcc.o
RCC_LSEModeConfig                                 build/stm32f4xx_rcc.o
RCC_LSICmd                                        build/stm32f4xx_rcc.o
RCC_LTDCCLKDivConfig                              build/stm32f4xx_rcc.o
RCC_MCO1Config                                    build/stm32f4xx_rcc.o
RCC_MCO2Config                                    build/stm32f4xx_rcc.o
RCC_PCLK1Config                                   build/stm32f4xx_rcc.o
RCC_PCLK2Config                                   build/stm32f4xx_rcc.o
RCC_PLLCmd                                        build/stm32f4xx_rcc.o
RCC_PLLConfig                                     build/stm32f4xx_rcc.o
RCC_PLLI2SCmd                                     build/stm32f4xx_rcc.o
RCC_PLLI2SConfig                                  build/stm32f4xx_rcc.o
RCC_PLLSAICmd                                     build/stm32f4xx_rcc.o
RCC_PLLSAIConfig                                  build/stm32f4xx_rcc.o
RCC_RTCCLKCmd                                     build/stm32f4xx_rcc.o
RCC_RTCCLKConfig                                  build/stm32f4xx_rcc.o
RCC_SAIBlockACLKConfig                            build/stm32f4xx_rcc.o
RCC_SAIBlockBCLKConfig                            build/stm32f4xx_rcc.o
RCC_SAIPLLI2SClkDivConfig                         build/stm32f4xx_rcc.o
RCC_SAIPLLSAIClkDivConfig                         build/stm32f4xx_rcc.o
RCC_SYSCLKConfig                                  build/stm32f4xx_rcc.o
RCC_TIMCLKPresConfig                              build/stm32f4xx_rcc.o
RCC_WaitForHSEStartUp                             build/stm32f4xx_rcc.o
RNG_ClearFlag                                     build/stm32f4xx_rng.o
RNG_ClearITPendingBit                             build/stm32f4xx_rng.o
RNG_Cmd                                           build/stm32f4xx_rng.o
RNG_DeInit                                        build/stm32f4xx_rng.o
RNG_GetFlagStatus                                 build/stm32f4xx_rng.o
RNG_GetITStatus                                   build/stm32f4xx_rng.o
RNG_GetRandomNumber                               build/stm32f4xx_rng.o
RNG_ITConfig                                      build/stm32f4xx_rng.o
RTC_AlarmCmd                                      build/stm32f4xx_rtc.o
RTC_AlarmStructInit                               build/stm32f4xx_rtc.o
RTC_AlarmSubSecondConfig                          build/stm32f4xx_rtc.o
RTC_Alarm_IRQHandler                              build/startup_stm32f407xx.o
RTC_BypassShadowCmd                               build/stm32f4xx_rtc.o
RTC_CalibOutputCmd                                build/stm32f4xx_rtc.o
RTC_CalibOutputConfig                             build/stm32f4xx_rtc.o
RTC_ClearFlag                                     build/stm32f4xx_rtc.o
RTC_ClearITPendingBit                             build/stm32f4xx_rtc.o
RTC_CoarseCalibCmd                                build/stm32f4xx_rtc.o
RTC_CoarseCalibConfig                             build/stm32f4xx_rtc.o
RTC_DateStructInit                                build/stm32f4xx_rtc.o
RTC_DayLightSavingConfig                          build/stm32f4xx_rtc.o
RTC_DeInit                                        build/stm32f4xx_rtc.o
RTC_EnterInitMode                                 build/stm32f4xx_rtc.o
RTC_ExitInitMode                                  build/stm32f4xx_rtc.o
RTC_GetAlarm                                      build/stm32f4xx_rtc.o
RTC_GetAlarmSubSecond                             build/stm32f4xx_rtc.o
RTC_GetDate                                       build/stm32f4xx_rtc.o
RTC_GetFlagStatus                                 build/stm32f4xx_rtc.o
RTC_GetITStatus                                   build/stm32f4xx_rtc.o
RTC_GetStoreOperation                             build/stm32f4xx_rtc.o
RTC_GetSubSecond                                  build/stm32f4xx_rtc.o
RTC_GetTime                                       build/stm32f4xx_rtc.o
RTC_GetTimeStamp                                  build/stm32f4xx_rtc.o
RTC_GetTimeStampSubSecond                         build/stm32f4xx_rtc.o
RTC_GetWakeUpCounter                              build/stm32f4xx_rtc.o
RTC_ITConfig                                      build/stm32f4xx_rtc.o
RTC_Init                                          build/stm32f4xx_rtc.o
RTC_OutputConfig                                  build/stm32f4xx_rtc.o
RTC_OutputTypeConfig                              build/stm32f4xx_rtc.o
RTC_ReadBackupRegister                            build/stm32f4xx_rtc.o
RTC_RefClockCmd                                   build/stm32f4xx_rtc.o
RTC_SetAlarm                                      build/stm32f4xx_rtc.o
RTC_SetDate                                       build/stm32f4xx_rtc.o
RTC_SetTime                                       build/stm32f4xx_rtc.o
RTC_SetWakeUpCounter                              build/stm32f4xx_rtc.o
RTC_SmoothCalibConfig                             build/stm32f4xx_rtc.o
RTC_StructInit                                    build/stm32f4xx_rtc.o
RTC_SynchroShiftConfig                            build/stm32f4xx_rtc.o
RTC_TamperCmd                                     build/stm32f4xx_rtc.o
RTC_TamperFilterConfig                            build/stm32f4xx_rtc.o
RTC_TamperPinSelection                            build/stm32f4xx_rtc.o
RTC_TamperPinsPrechargeDuration                   build/stm32f4xx_rtc.o
RTC_TamperPullUpCmd                               build/stm32f4xx_rtc.o
RTC_TamperSamplingFreqConfig                      build/stm32f4xx_rtc.o
RTC_TamperTriggerConfig                           build/stm32f4xx_rtc.o
RTC_TimeStampCmd                                  build/stm32f4xx_rtc.o
RTC_TimeStampOnTamperDetectionCmd                 build/stm32f4xx_rtc.o
RTC_TimeStampPinSelection                         build/stm32f4xx_rtc.o
RTC_TimeStructInit                                build/stm32f4xx_rtc.o
RTC_WKUP_IRQHandler                               build/startup_stm32f407xx.o
RTC_WaitForSynchro                                build/stm32f4xx_rtc.o
RTC_WakeUpClockConfig                             build/stm32f4xx_rtc.o
RTC_WakeUpCmd                                     build/stm32f4xx_rtc.o
RTC_WriteBackupRegister                           build/stm32f4xx_rtc.o
RTC_WriteProtectionCmd                            build/stm32f4xx_rtc.o
Reset_Handler                                     build/startup_stm32f407xx.o
SAI_ClearFlag                                     build/stm32f4xx_sai.o
SAI_ClearITPendingBit                             build/stm32f4xx_sai.o
SAI_Cmd                                           build/stm32f4xx_sai.o
SAI_CompandingModeConfig                          build/stm32f4xx_sai.o
SAI_DMACmd                                        build/stm32f4xx_sai.o
SAI_DeInit                                        build/stm32f4xx_sai.o
SAI_FlushFIFO                                     build/stm32f4xx_sai.o
SAI_FrameInit                                     build/stm32f4xx_sai.o
SAI_FrameStructInit                               build/stm32f4xx_sai.o
SAI_GetCmdStatus                                  build/stm32f4xx_sai.o
SAI_GetFIFOStatus                                 build/stm32f4xx_sai.o
SAI_GetFlagStatus                                 build/stm32f4xx_sai.o
SAI_GetITStatus                                   build/stm32f4xx_sai.o
SAI_ITConfig                                      build/stm32f4xx_sai.o
SAI_Init                                          build/stm32f4xx_sai.o
SAI_MonoModeConfig                                build/stm32f4xx_sai.o
SAI_MuteFrameCounterConfig                        build/stm32f4xx_sai.o
SAI_MuteModeCmd                                   build/stm32f4xx_sai.o
SAI_MuteValueConfig                               build/stm32f4xx_sai.o
SAI_ReceiveData                                   build/stm32f4xx_sai.o
SAI_SendData                                      build/stm32f4xx_sai.o
SAI_SlotInit                                      build/stm32f4xx_sai.o
SAI_SlotStructInit                                build/stm32f4xx_sai.o
SAI_StructInit                                    build/stm32f4xx_sai.o
SAI_TRIStateConfig                                build/stm32f4xx_sai.o
SDIO_CEATAITCmd                                   build/stm32f4xx_sdio.o
SDIO_ClearFlag                                    build/stm32f4xx_sdio.o
SDIO_ClearITPendingBit                            build/stm32f4xx_sdio.o
SDIO_ClockCmd                                     build/stm32f4xx_sdio.o
SDIO_CmdStructInit                                build/stm32f4xx_sdio.o
SDIO_CommandCompletionCmd                         build/stm32f4xx_sdio.o
SDIO_DMACmd                                       build/stm32f4xx_sdio.o
SDIO_DataConfig                                   build/stm32f4xx_sdio.o
SDIO_DataStructInit                               build/stm32f4xx_sdio.o
SDIO_DeInit                                       build/stm32f4xx_sdio.o
SDIO_GetCommandResponse                           build/stm32f4xx_sdio.o
SDIO_GetDataCounter                               build/stm32f4xx_sdio.o
SDIO_GetFIFOCount                                 build/stm32f4xx_sdio.o
SDIO_GetFlagStatus                                build/stm32f4xx_sdio.o
SDIO_GetITStatus                                  build/stm32f4xx_sdio.o
SDIO_GetPowerState                                build/stm32f4xx_sdio.o
SDIO_GetResponse                                  build/stm32f4xx_sdio.o
SDIO_IRQHandler                                   build/startup_stm32f407xx.o
SDIO_ITConfig                                     build/stm32f4xx_sdio.o
SDIO_Init                                         build/stm32f4xx_sdio.o
SDIO_ReadData                                     build/stm32f4xx_sdio.o
SDIO_SendCEATACmd                                 build/stm32f4xx_sdio.o
SDIO_SendCommand                                  build/stm32f4xx_sdio.o
SDIO_SendSDIOSuspendCmd                           build/stm32f4xx_sdio.o
SDIO_SetPowerState                                build/stm32f4xx_sdio.o
SDIO_SetSDIOOperation                             build/stm32f4xx_sdio.o
SDIO_SetSDIOReadWaitMode                          build/stm32f4xx_sdio.o
SDIO_StartSDIOReadWait                            build/stm32f4xx_sdio.o
SDIO_StopSDIOReadWait                             build/stm32f4xx_sdio.o
SDIO_StructInit                                   build/stm32f4xx_sdio.o
SDIO_WriteData                                    build/stm32f4xx_sdio.o
SPI1_IRQHandler                                   build/startup_stm32f407xx.o
SPI2_IRQHandler                                   build/startup_stm32f407xx.o
SPI3_IRQHandler                                   build/startup_stm32f407xx.o
SPI_BiDirectionalLineConfig                       build/stm32f4xx_spi.o
SPI_CalculateCRC                                  build/stm32f4xx_spi.o
SPI_Cmd                                           build/stm32f4xx_spi.o
SPI_DataSizeConfig                                build/stm32f4xx_spi.o
SPI_GetCRC                                        build/stm32f4xx_spi.o
SPI_GetCRCPolynomial                              build/stm32f4xx_spi.o
SPI_I2S_ClearFlag                                 build/stm32f4xx_spi.o
SPI_I2S_ClearITPendingBit                         build/stm32f4xx_spi.o
SPI_I2S_DMACmd                                    build/stm32f4xx_spi.o
SPI_I2S_DeInit                                    build/stm32f4xx_spi.o
SPI_I2S_GetFlagStatus                             build/stm32f4xx_spi.o
SPI_I2S_GetITStatus                               build/stm32f4xx_spi.o
SPI_I2S_ITConfig                                  build/stm32f4xx_spi.o
SPI_I2S_ReceiveData                               build/stm32f4xx_spi.o
SPI_I2S_SendData                                  build/stm32f4xx_spi.o
SPI_Init                                          build/stm32f4xx_spi.o
SPI_NSSInternalSoftwareConfig                     build/stm32f4xx_spi.o
SPI_SSOutputCmd                                   build/stm32f4xx_spi.o
SPI_StructInit                                    build/stm32f4xx_spi.o
SPI_TIModeCmd                                     build/stm32f4xx_spi.o
SPI_TransmitCRC                                   build/stm32f4xx_spi.o
SVC_Handler                                       build/stm32f4xx_it.o
SYSCFG_CompensationCellCmd                        build/stm32f4xx_syscfg.o
SYSCFG_DeInit                                     build/stm32f4xx_syscfg.o
SYSCFG_ETH_MediaInterfaceConfig                   build/stm32f4xx_syscfg.o
SYSCFG_EXTILineConfig                             build/stm32f4xx_syscfg.o
SYSCFG_GetCompensationCellStatus                  build/stm32f4xx_syscfg.o
SYSCFG_MemoryRemapConfig                          build/stm32f4xx_syscfg.o
SYSCFG_MemorySwappingBank                         build/stm32f4xx_syscfg.o
SysTick_CLKSourceConfig                           build/misc.o
                                                  build/delay.o
SysTick_Handler                                   build/stm32f4xx_it.o
SystemCoreClock                                   build/system_stm32f4xx.o
SystemCoreClockUpdate                             build/system_stm32f4xx.o
SystemInit                                        build/system_stm32f4xx.o
                                                  build/startup_stm32f407xx.o
TAMP_STAMP_IRQHandler                             build/startup_stm32f407xx.o
TIM1_BRK_TIM9_IRQHandler                          build/startup_stm32f407xx.o
TIM1_CC_IRQHandler                                build/startup_stm32f407xx.o
TIM1_TRG_COM_TIM11_IRQHandler                     build/startup_stm32f407xx.o
TIM1_UP_TIM10_IRQHandler                          build/startup_stm32f407xx.o
TIM2_IRQHandler                                   build/startup_stm32f407xx.o
TIM3_IRQHandler                                   build/startup_stm32f407xx.o
TIM4_IRQHandler                                   build/startup_stm32f407xx.o
TIM5_IRQHandler                                   build/startup_stm32f407xx.o
TIM6_DAC_IRQHandler                               build/startup_stm32f407xx.o
TIM7_IRQHandler                                   build/startup_stm32f407xx.o
TIM8_BRK_TIM12_IRQHandler                         build/startup_stm32f407xx.o
TIM8_CC_IRQHandler                                build/startup_stm32f407xx.o
TIM8_TRG_COM_TIM14_IRQHandler                     build/startup_stm32f407xx.o
TIM8_UP_TIM13_IRQHandler                          build/startup_stm32f407xx.o
TIM_ARRPreloadConfig                              build/stm32f4xx_tim.o
TIM_BDTRConfig                                    build/stm32f4xx_tim.o
TIM_BDTRStructInit                                build/stm32f4xx_tim.o
TIM_CCPreloadControl                              build/stm32f4xx_tim.o
TIM_CCxCmd                                        build/stm32f4xx_tim.o
TIM_CCxNCmd                                       build/stm32f4xx_tim.o
TIM_ClearFlag                                     build/stm32f4xx_tim.o
TIM_ClearITPendingBit                             build/stm32f4xx_tim.o
TIM_ClearOC1Ref                                   build/stm32f4xx_tim.o
TIM_ClearOC2Ref                                   build/stm32f4xx_tim.o
TIM_ClearOC3Ref                                   build/stm32f4xx_tim.o
TIM_ClearOC4Ref                                   build/stm32f4xx_tim.o
TIM_Cmd                                           build/stm32f4xx_tim.o
TIM_CounterModeConfig                             build/stm32f4xx_tim.o
TIM_CtrlPWMOutputs                                build/stm32f4xx_tim.o
TIM_DMACmd                                        build/stm32f4xx_tim.o
TIM_DMAConfig                                     build/stm32f4xx_tim.o
TIM_DeInit                                        build/stm32f4xx_tim.o
TIM_ETRClockMode1Config                           build/stm32f4xx_tim.o
TIM_ETRClockMode2Config                           build/stm32f4xx_tim.o
TIM_ETRConfig                                     build/stm32f4xx_tim.o
TIM_EncoderInterfaceConfig                        build/stm32f4xx_tim.o
TIM_ForcedOC1Config                               build/stm32f4xx_tim.o
TIM_ForcedOC2Config                               build/stm32f4xx_tim.o
TIM_ForcedOC3Config                               build/stm32f4xx_tim.o
TIM_ForcedOC4Config                               build/stm32f4xx_tim.o
TIM_GenerateEvent                                 build/stm32f4xx_tim.o
TIM_GetCapture1                                   build/stm32f4xx_tim.o
TIM_GetCapture2                                   build/stm32f4xx_tim.o
TIM_GetCapture3                                   build/stm32f4xx_tim.o
TIM_GetCapture4                                   build/stm32f4xx_tim.o
TIM_GetCounter                                    build/stm32f4xx_tim.o
TIM_GetFlagStatus                                 build/stm32f4xx_tim.o
TIM_GetITStatus                                   build/stm32f4xx_tim.o
TIM_GetPrescaler                                  build/stm32f4xx_tim.o
TIM_ICInit                                        build/stm32f4xx_tim.o
TIM_ICStructInit                                  build/stm32f4xx_tim.o
TIM_ITConfig                                      build/stm32f4xx_tim.o
TIM_ITRxExternalClockConfig                       build/stm32f4xx_tim.o
TIM_InternalClockConfig                           build/stm32f4xx_tim.o
TIM_OC1FastConfig                                 build/stm32f4xx_tim.o
TIM_OC1Init                                       build/stm32f4xx_tim.o
TIM_OC1NPolarityConfig                            build/stm32f4xx_tim.o
TIM_OC1PolarityConfig                             build/stm32f4xx_tim.o
TIM_OC1PreloadConfig                              build/stm32f4xx_tim.o
TIM_OC2FastConfig                                 build/stm32f4xx_tim.o
TIM_OC2Init                                       build/stm32f4xx_tim.o
TIM_OC2NPolarityConfig                            build/stm32f4xx_tim.o
TIM_OC2PolarityConfig                             build/stm32f4xx_tim.o
TIM_OC2PreloadConfig                              build/stm32f4xx_tim.o
TIM_OC3FastConfig                                 build/stm32f4xx_tim.o
TIM_OC3Init                                       build/stm32f4xx_tim.o
TIM_OC3NPolarityConfig                            build/stm32f4xx_tim.o
TIM_OC3PolarityConfig                             build/stm32f4xx_tim.o
TIM_OC3PreloadConfig                              build/stm32f4xx_tim.o
TIM_OC4FastConfig                                 build/stm32f4xx_tim.o
TIM_OC4Init                                       build/stm32f4xx_tim.o
TIM_OC4PolarityConfig                             build/stm32f4xx_tim.o
TIM_OC4PreloadConfig                              build/stm32f4xx_tim.o
TIM_OCStructInit                                  build/stm32f4xx_tim.o
TIM_PWMIConfig                                    build/stm32f4xx_tim.o
TIM_PrescalerConfig                               build/stm32f4xx_tim.o
TIM_RemapConfig                                   build/stm32f4xx_tim.o
TIM_SelectCCDMA                                   build/stm32f4xx_tim.o
TIM_SelectCOM                                     build/stm32f4xx_tim.o
TIM_SelectHallSensor                              build/stm32f4xx_tim.o
TIM_SelectInputTrigger                            build/stm32f4xx_tim.o
TIM_SelectMasterSlaveMode                         build/stm32f4xx_tim.o
TIM_SelectOCxM                                    build/stm32f4xx_tim.o
TIM_SelectOnePulseMode                            build/stm32f4xx_tim.o
TIM_SelectOutputTrigger                           build/stm32f4xx_tim.o
TIM_SelectSlaveMode                               build/stm32f4xx_tim.o
TIM_SetAutoreload                                 build/stm32f4xx_tim.o
TIM_SetClockDivision                              build/stm32f4xx_tim.o
TIM_SetCompare1                                   build/stm32f4xx_tim.o
TIM_SetCompare2                                   build/stm32f4xx_tim.o
TIM_SetCompare3                                   build/stm32f4xx_tim.o
TIM_SetCompare4                                   build/stm32f4xx_tim.o
TIM_SetCounter                                    build/stm32f4xx_tim.o
TIM_SetIC1Prescaler                               build/stm32f4xx_tim.o
TIM_SetIC2Prescaler                               build/stm32f4xx_tim.o
TIM_SetIC3Prescaler                               build/stm32f4xx_tim.o
TIM_SetIC4Prescaler                               build/stm32f4xx_tim.o
TIM_TIxExternalClockConfig                        build/stm32f4xx_tim.o
TIM_TimeBaseInit                                  build/stm32f4xx_tim.o
TIM_TimeBaseStructInit                            build/stm32f4xx_tim.o
TIM_UpdateDisableConfig                           build/stm32f4xx_tim.o
TIM_UpdateRequestConfig                           build/stm32f4xx_tim.o
UART4_IRQHandler                                  build/startup_stm32f407xx.o
UART5_IRQHandler                                  build/startup_stm32f407xx.o
USART1_IRQHandler                                 build/usart.o
USART2_IRQHandler                                 build/startup_stm32f407xx.o
USART3_IRQHandler                                 build/startup_stm32f407xx.o
USART6_IRQHandler                                 build/startup_stm32f407xx.o
USART_ClearFlag                                   build/stm32f4xx_usart.o
                                                  build/usart.o
USART_ClearITPendingBit                           build/stm32f4xx_usart.o
USART_ClockInit                                   build/stm32f4xx_usart.o
USART_ClockStructInit                             build/stm32f4xx_usart.o
USART_Cmd                                         build/stm32f4xx_usart.o
                                                  build/usart.o
USART_DMACmd                                      build/stm32f4xx_usart.o
USART_DeInit                                      build/stm32f4xx_usart.o
USART_GetFlagStatus                               build/stm32f4xx_usart.o
USART_GetITStatus                                 build/stm32f4xx_usart.o
                                                  build/usart.o
USART_HalfDuplexCmd                               build/stm32f4xx_usart.o
USART_ITConfig                                    build/stm32f4xx_usart.o
                                                  build/usart.o
USART_Init                                        build/stm32f4xx_usart.o
                                                  build/usart.o
USART_IrDACmd                                     build/stm32f4xx_usart.o
USART_IrDAConfig                                  build/stm32f4xx_usart.o
USART_LINBreakDetectLengthConfig                  build/stm32f4xx_usart.o
USART_LINCmd                                      build/stm32f4xx_usart.o
USART_OneBitMethodCmd                             build/stm32f4xx_usart.o
USART_OverSampling8Cmd                            build/stm32f4xx_usart.o
USART_RX_BUF                                      build/usart.o
USART_RX_STA                                      build/usart.o
USART_ReceiveData                                 build/stm32f4xx_usart.o
                                                  build/usart.o
USART_ReceiverWakeUpCmd                           build/stm32f4xx_usart.o
USART_SendBreak                                   build/stm32f4xx_usart.o
USART_SendData                                    build/stm32f4xx_usart.o
USART_SetAddress                                  build/stm32f4xx_usart.o
USART_SetGuardTime                                build/stm32f4xx_usart.o
USART_SetPrescaler                                build/stm32f4xx_usart.o
USART_SmartCardCmd                                build/stm32f4xx_usart.o
USART_SmartCardNACKCmd                            build/stm32f4xx_usart.o
USART_StructInit                                  build/stm32f4xx_usart.o
USART_WakeUpConfig                                build/stm32f4xx_usart.o
UsageFault_Handler                                build/stm32f4xx_it.o
WWDG_ClearFlag                                    build/stm32f4xx_wwdg.o
WWDG_DeInit                                       build/stm32f4xx_wwdg.o
WWDG_Enable                                       build/stm32f4xx_wwdg.o
WWDG_EnableIT                                     build/stm32f4xx_wwdg.o
WWDG_GetFlagStatus                                build/stm32f4xx_wwdg.o
WWDG_IRQHandler                                   build/startup_stm32f407xx.o
WWDG_SetCounter                                   build/stm32f4xx_wwdg.o
WWDG_SetPrescaler                                 build/stm32f4xx_wwdg.o
WWDG_SetWindowValue                               build/stm32f4xx_wwdg.o
_Jv_RegisterClasses                               /Users/ertuil/gcc-arm-none-eabi/bin/../lib/gcc/arm-none-eabi/5.4.1/armv7e-m/fpu/crtbegin.o
__bss_end__                                       /Users/ertuil/gcc-arm-none-eabi/bin/../lib/gcc/arm-none-eabi/5.4.1/../../../../arm-none-eabi/lib/armv7e-m/fpu/crt0.o
__bss_start__                                     /Users/ertuil/gcc-arm-none-eabi/bin/../lib/gcc/arm-none-eabi/5.4.1/../../../../arm-none-eabi/lib/armv7e-m/fpu/crt0.o
__call_exitprocs                                  /Users/ertuil/gcc-arm-none-eabi/bin/../lib/gcc/arm-none-eabi/5.4.1/../../../../arm-none-eabi/lib/armv7e-m/fpu/libc_nano.a(lib_a-exit.o)
__deregister_frame_info                           /Users/ertuil/gcc-arm-none-eabi/bin/../lib/gcc/arm-none-eabi/5.4.1/armv7e-m/fpu/crtbegin.o
__dso_handle                                      /Users/ertuil/gcc-arm-none-eabi/bin/../lib/gcc/arm-none-eabi/5.4.1/armv7e-m/fpu/crtbegin.o
__init_array_end                                  /Users/ertuil/gcc-arm-none-eabi/bin/../lib/gcc/arm-none-eabi/5.4.1/../../../../arm-none-eabi/lib/armv7e-m/fpu/libc_nano.a(lib_a-init.o)
__init_array_start                                /Users/ertuil/gcc-arm-none-eabi/bin/../lib/gcc/arm-none-eabi/5.4.1/../../../../arm-none-eabi/lib/armv7e-m/fpu/libc_nano.a(lib_a-init.o)
__libc_fini_array                                 /Users/ertuil/gcc-arm-none-eabi/bin/../lib/gcc/arm-none-eabi/5.4.1/../../../../arm-none-eabi/lib/armv7e-m/fpu/crt0.o
__libc_init_array                                 /Users/ertuil/gcc-arm-none-eabi/bin/../lib/gcc/arm-none-eabi/5.4.1/../../../../arm-none-eabi/lib/armv7e-m/fpu/libc_nano.a(lib_a-init.o)
                                                  build/startup_stm32f407xx.o
                                                  /Users/ertuil/gcc-arm-none-eabi/bin/../lib/gcc/arm-none-eabi/5.4.1/../../../../arm-none-eabi/lib/armv7e-m/fpu/crt0.o
__preinit_array_end                               /Users/ertuil/gcc-arm-none-eabi/bin/../lib/gcc/arm-none-eabi/5.4.1/../../../../arm-none-eabi/lib/armv7e-m/fpu/libc_nano.a(lib_a-init.o)
__preinit_array_start                             /Users/ertuil/gcc-arm-none-eabi/bin/../lib/gcc/arm-none-eabi/5.4.1/../../../../arm-none-eabi/lib/armv7e-m/fpu/libc_nano.a(lib_a-init.o)
__register_frame_info                             /Users/ertuil/gcc-arm-none-eabi/bin/../lib/gcc/arm-none-eabi/5.4.1/armv7e-m/fpu/crtbegin.o
__sf_fake_stderr                                  /Users/ertuil/gcc-arm-none-eabi/bin/../lib/gcc/arm-none-eabi/5.4.1/../../../../arm-none-eabi/lib/armv7e-m/fpu/libc_nano.a(lib_a-impure.o)
__sf_fake_stdin                                   /Users/ertuil/gcc-arm-none-eabi/bin/../lib/gcc/arm-none-eabi/5.4.1/../../../../arm-none-eabi/lib/armv7e-m/fpu/libc_nano.a(lib_a-impure.o)
__sf_fake_stdout                                  /Users/ertuil/gcc-arm-none-eabi/bin/../lib/gcc/arm-none-eabi/5.4.1/../../../../arm-none-eabi/lib/armv7e-m/fpu/libc_nano.a(lib_a-impure.o)
__stack                                           /Users/ertuil/gcc-arm-none-eabi/bin/../lib/gcc/arm-none-eabi/5.4.1/../../../../arm-none-eabi/lib/armv7e-m/fpu/crt0.o
__stdout                                          build/usart.o
_ebss                                             build/startup_stm32f407xx.o
_edata                                            build/startup_stm32f407xx.o
_estack                                           build/startup_stm32f407xx.o
_exit                                             /Users/ertuil/gcc-arm-none-eabi/bin/../lib/gcc/arm-none-eabi/5.4.1/../../../../arm-none-eabi/lib/armv7e-m/fpu/libnosys.a(_exit.o)
                                                  /Users/ertuil/gcc-arm-none-eabi/bin/../lib/gcc/arm-none-eabi/5.4.1/../../../../arm-none-eabi/lib/armv7e-m/fpu/libc_nano.a(lib_a-exit.o)
_fini                                             /Users/ertuil/gcc-arm-none-eabi/bin/../lib/gcc/arm-none-eabi/5.4.1/armv7e-m/fpu/crti.o
_global_impure_ptr                                /Users/ertuil/gcc-arm-none-eabi/bin/../lib/gcc/arm-none-eabi/5.4.1/../../../../arm-none-eabi/lib/armv7e-m/fpu/libc_nano.a(lib_a-impure.o)